Archive member included to satisfy reference by file (symbol)

c:/st/stm32cubeide_1.4.0/stm32cubeide/plugins/com.st.stm32cube.ide.mcu.externaltools.gnu-tools-for-stm32.7-2018-q2-update.win32_1.4.0.202007081208/tools/bin/../lib/gcc/arm-none-eabi/7.3.1/../../../../arm-none-eabi/lib/thumb/v7-m\libc_nano.a(lib_a-errno.o)
                              Core/Src/syscalls.o (__errno)
c:/st/stm32cubeide_1.4.0/stm32cubeide/plugins/com.st.stm32cube.ide.mcu.externaltools.gnu-tools-for-stm32.7-2018-q2-update.win32_1.4.0.202007081208/tools/bin/../lib/gcc/arm-none-eabi/7.3.1/../../../../arm-none-eabi/lib/thumb/v7-m\libc_nano.a(lib_a-exit.o)
                              c:/st/stm32cubeide_1.4.0/stm32cubeide/plugins/com.st.stm32cube.ide.mcu.externaltools.gnu-tools-for-stm32.7-2018-q2-update.win32_1.4.0.202007081208/tools/bin/../lib/gcc/arm-none-eabi/7.3.1/../../../../arm-none-eabi/lib/thumb/v7-m/crt0.o (exit)
c:/st/stm32cubeide_1.4.0/stm32cubeide/plugins/com.st.stm32cube.ide.mcu.externaltools.gnu-tools-for-stm32.7-2018-q2-update.win32_1.4.0.202007081208/tools/bin/../lib/gcc/arm-none-eabi/7.3.1/../../../../arm-none-eabi/lib/thumb/v7-m\libc_nano.a(lib_a-impure.o)
                              c:/st/stm32cubeide_1.4.0/stm32cubeide/plugins/com.st.stm32cube.ide.mcu.externaltools.gnu-tools-for-stm32.7-2018-q2-update.win32_1.4.0.202007081208/tools/bin/../lib/gcc/arm-none-eabi/7.3.1/../../../../arm-none-eabi/lib/thumb/v7-m\libc_nano.a(lib_a-exit.o) (_global_impure_ptr)
c:/st/stm32cubeide_1.4.0/stm32cubeide/plugins/com.st.stm32cube.ide.mcu.externaltools.gnu-tools-for-stm32.7-2018-q2-update.win32_1.4.0.202007081208/tools/bin/../lib/gcc/arm-none-eabi/7.3.1/../../../../arm-none-eabi/lib/thumb/v7-m\libc_nano.a(lib_a-init.o)
                              c:/st/stm32cubeide_1.4.0/stm32cubeide/plugins/com.st.stm32cube.ide.mcu.externaltools.gnu-tools-for-stm32.7-2018-q2-update.win32_1.4.0.202007081208/tools/bin/../lib/gcc/arm-none-eabi/7.3.1/../../../../arm-none-eabi/lib/thumb/v7-m/crt0.o (__libc_init_array)
c:/st/stm32cubeide_1.4.0/stm32cubeide/plugins/com.st.stm32cube.ide.mcu.externaltools.gnu-tools-for-stm32.7-2018-q2-update.win32_1.4.0.202007081208/tools/bin/../lib/gcc/arm-none-eabi/7.3.1/../../../../arm-none-eabi/lib/thumb/v7-m\libc_nano.a(lib_a-memcmp.o)
                              common/ThirdParty/SEGGER/OS/SEGGER_SYSVIEW_FreeRTOS.o (memcmp)
c:/st/stm32cubeide_1.4.0/stm32cubeide/plugins/com.st.stm32cube.ide.mcu.externaltools.gnu-tools-for-stm32.7-2018-q2-update.win32_1.4.0.202007081208/tools/bin/../lib/gcc/arm-none-eabi/7.3.1/../../../../arm-none-eabi/lib/thumb/v7-m\libc_nano.a(lib_a-memcpy-stub.o)
                              common/ThirdParty/FreeRTOS/queue.o (memcpy)
c:/st/stm32cubeide_1.4.0/stm32cubeide/plugins/com.st.stm32cube.ide.mcu.externaltools.gnu-tools-for-stm32.7-2018-q2-update.win32_1.4.0.202007081208/tools/bin/../lib/gcc/arm-none-eabi/7.3.1/../../../../arm-none-eabi/lib/thumb/v7-m\libc_nano.a(lib_a-memset.o)
                              c:/st/stm32cubeide_1.4.0/stm32cubeide/plugins/com.st.stm32cube.ide.mcu.externaltools.gnu-tools-for-stm32.7-2018-q2-update.win32_1.4.0.202007081208/tools/bin/../lib/gcc/arm-none-eabi/7.3.1/../../../../arm-none-eabi/lib/thumb/v7-m/crt0.o (memset)
c:/st/stm32cubeide_1.4.0/stm32cubeide/plugins/com.st.stm32cube.ide.mcu.externaltools.gnu-tools-for-stm32.7-2018-q2-update.win32_1.4.0.202007081208/tools/bin/../lib/gcc/arm-none-eabi/7.3.1/../../../../arm-none-eabi/lib/thumb/v7-m\libc_nano.a(lib_a-sprintf.o)
                              common/ThirdParty/FreeRTOS/tasks.o (sprintf)
c:/st/stm32cubeide_1.4.0/stm32cubeide/plugins/com.st.stm32cube.ide.mcu.externaltools.gnu-tools-for-stm32.7-2018-q2-update.win32_1.4.0.202007081208/tools/bin/../lib/gcc/arm-none-eabi/7.3.1/../../../../arm-none-eabi/lib/thumb/v7-m\libc_nano.a(lib_a-strcpy.o)
                              common/ThirdParty/FreeRTOS/tasks.o (strcpy)
c:/st/stm32cubeide_1.4.0/stm32cubeide/plugins/com.st.stm32cube.ide.mcu.externaltools.gnu-tools-for-stm32.7-2018-q2-update.win32_1.4.0.202007081208/tools/bin/../lib/gcc/arm-none-eabi/7.3.1/../../../../arm-none-eabi/lib/thumb/v7-m\libc_nano.a(lib_a-strlen.o)
                              common/ThirdParty/FreeRTOS/tasks.o (strlen)
c:/st/stm32cubeide_1.4.0/stm32cubeide/plugins/com.st.stm32cube.ide.mcu.externaltools.gnu-tools-for-stm32.7-2018-q2-update.win32_1.4.0.202007081208/tools/bin/../lib/gcc/arm-none-eabi/7.3.1/../../../../arm-none-eabi/lib/thumb/v7-m\libc_nano.a(lib_a-nano-svfprintf.o)
                              c:/st/stm32cubeide_1.4.0/stm32cubeide/plugins/com.st.stm32cube.ide.mcu.externaltools.gnu-tools-for-stm32.7-2018-q2-update.win32_1.4.0.202007081208/tools/bin/../lib/gcc/arm-none-eabi/7.3.1/../../../../arm-none-eabi/lib/thumb/v7-m\libc_nano.a(lib_a-sprintf.o) (_svfprintf_r)
[...]
Memory Configuration

Name             Origin             Length             Attributes
RAM              0x0000000020000000 0x0000000000005000 xrw
FLASH            0x0000000008000000 0x0000000000010000 xr
*default*        0x0000000000000000 0xffffffffffffffff

Linker script and memory map

LOAD c:/st/stm32cubeide_1.4.0/stm32cubeide/plugins/com.st.stm32cube.ide.mcu.externaltools.gnu-tools-for-stm32.7-2018-q2-update.win32_1.4.0.202007081208/tools/bin/../lib/gcc/arm-none-eabi/7.3.1/thumb/v7-m/crti.o
LOAD c:/st/stm32cubeide_1.4.0/stm32cubeide/plugins/com.st.stm32cube.ide.mcu.externaltools.gnu-tools-for-stm32.7-2018-q2-update.win32_1.4.0.202007081208/tools/bin/../lib/gcc/arm-none-eabi/7.3.1/thumb/v7-m/crtbegin.o
LOAD c:/st/stm32cubeide_1.4.0/stm32cubeide/plugins/com.st.stm32cube.ide.mcu.externaltools.gnu-tools-for-stm32.7-2018-q2-update.win32_1.4.0.202007081208/tools/bin/../lib/gcc/arm-none-eabi/7.3.1/../../../../arm-none-eabi/lib/thumb/v7-m/crt0.o
LOAD Core/Src/main.o
LOAD Core/Src/stm32f1xx_hal_msp.o
LOAD Core/Src/stm32f1xx_hal_timebase_tim.o
LOAD Core/Src/stm32f1xx_it.o
LOAD Core/Src/syscalls.o
LOAD Core/Src/sysmem.o
LOAD Core/Src/system_stm32f1xx.o
LOAD Core/Startup/startup_stm32f103c8tx.o
LOAD Drivers/STM32F1xx_HAL_Driver/Src/stm32f1xx_hal.o
LOAD Drivers/STM32F1xx_HAL_Driver/Src/stm32f1xx_hal_cortex.o
LOAD Drivers/STM32F1xx_HAL_Driver/Src/stm32f1xx_hal_dma.o
LOAD Drivers/STM32F1xx_HAL_Driver/Src/stm32f1xx_hal_exti.o
LOAD Drivers/STM32F1xx_HAL_Driver/Src/stm32f1xx_hal_flash.o
LOAD Drivers/STM32F1xx_HAL_Driver/Src/stm32f1xx_hal_flash_ex.o
LOAD Drivers/STM32F1xx_HAL_Driver/Src/stm32f1xx_hal_gpio.o
LOAD Drivers/STM32F1xx_HAL_Driver/Src/stm32f1xx_hal_gpio_ex.o
LOAD Drivers/STM32F1xx_HAL_Driver/Src/stm32f1xx_hal_pwr.o
LOAD Drivers/STM32F1xx_HAL_Driver/Src/stm32f1xx_hal_rcc.o
LOAD Drivers/STM32F1xx_HAL_Driver/Src/stm32f1xx_hal_rcc_ex.o
LOAD Drivers/STM32F1xx_HAL_Driver/Src/stm32f1xx_hal_tim.o
LOAD Drivers/STM32F1xx_HAL_Driver/Src/stm32f1xx_hal_tim_ex.o
LOAD common/ThirdParty/FreeRTOS/croutine.o
LOAD common/ThirdParty/FreeRTOS/event_groups.o
LOAD common/ThirdParty/FreeRTOS/list.o
LOAD common/ThirdParty/FreeRTOS/queue.o
LOAD common/ThirdParty/FreeRTOS/stream_buffer.o
LOAD common/ThirdParty/FreeRTOS/tasks.o
LOAD common/ThirdParty/FreeRTOS/timers.o
LOAD common/ThirdParty/FreeRTOS/portable/GCC/ARM_CM3/port.o
LOAD common/ThirdParty/FreeRTOS/portable/MemMang/heap_4.o
LOAD common/ThirdParty/SEGGER/Config/SEGGER_SYSVIEW_Config_FreeRTOS.o
LOAD common/ThirdParty/SEGGER/OS/SEGGER_SYSVIEW_FreeRTOS.o
LOAD common/ThirdParty/SEGGER/Rec/segger_uart.o
LOAD common/ThirdParty/SEGGER/SEGGER/SEGGER_RTT.o
LOAD common/ThirdParty/SEGGER/SEGGER/SEGGER_RTT_ASM_ARMv7M.o
LOAD common/ThirdParty/SEGGER/SEGGER/SEGGER_RTT_printf.o
LOAD common/ThirdParty/SEGGER/SEGGER/SEGGER_SYSVIEW.o
LOAD common/ThirdParty/SEGGER/SEGGER/Syscalls/SEGGER_RTT_Syscalls_GCC.o
START GROUP
LOAD c:/st/stm32cubeide_1.4.0/stm32cubeide/plugins/com.st.stm32cube.ide.mcu.externaltools.gnu-tools-for-stm32.7-2018-q2-update.win32_1.4.0.202007081208/tools/bin/../lib/gcc/arm-none-eabi/7.3.1/../../../../arm-none-eabi/lib/thumb/v7-m\libc_nano.a
LOAD c:/st/stm32cubeide_1.4.0/stm32cubeide/plugins/com.st.stm32cube.ide.mcu.externaltools.gnu-tools-for-stm32.7-2018-q2-update.win32_1.4.0.202007081208/tools/bin/../lib/gcc/arm-none-eabi/7.3.1/../../../../arm-none-eabi/lib/thumb/v7-m\libm.a
END GROUP
START GROUP
LOAD c:/st/stm32cubeide_1.4.0/stm32cubeide/plugins/com.st.stm32cube.ide.mcu.externaltools.gnu-tools-for-stm32.7-2018-q2-update.win32_1.4.0.202007081208/tools/bin/../lib/gcc/arm-none-eabi/7.3.1/thumb/v7-m\libgcc.a
LOAD c:/st/stm32cubeide_1.4.0/stm32cubeide/plugins/com.st.stm32cube.ide.mcu.externaltools.gnu-tools-for-stm32.7-2018-q2-update.win32_1.4.0.202007081208/tools/bin/../lib/gcc/arm-none-eabi/7.3.1/../../../../arm-none-eabi/lib/thumb/v7-m\libc_nano.a
END GROUP
START GROUP
LOAD c:/st/stm32cubeide_1.4.0/stm32cubeide/plugins/com.st.stm32cube.ide.mcu.externaltools.gnu-tools-for-stm32.7-2018-q2-update.win32_1.4.0.202007081208/tools/bin/../lib/gcc/arm-none-eabi/7.3.1/thumb/v7-m\libgcc.a
LOAD c:/st/stm32cubeide_1.4.0/stm32cubeide/plugins/com.st.stm32cube.ide.mcu.externaltools.gnu-tools-for-stm32.7-2018-q2-update.win32_1.4.0.202007081208/tools/bin/../lib/gcc/arm-none-eabi/7.3.1/../../../../arm-none-eabi/lib/thumb/v7-m\libc_nano.a
LOAD c:/st/stm32cubeide_1.4.0/stm32cubeide/plugins/com.st.stm32cube.ide.mcu.externaltools.gnu-tools-for-stm32.7-2018-q2-update.win32_1.4.0.202007081208/tools/bin/../lib/gcc/arm-none-eabi/7.3.1/../../../../arm-none-eabi/lib/thumb/v7-m\libnosys.a
END GROUP
START GROUP
LOAD c:/st/stm32cubeide_1.4.0/stm32cubeide/plugins/com.st.stm32cube.ide.mcu.externaltools.gnu-tools-for-stm32.7-2018-q2-update.win32_1.4.0.202007081208/tools/bin/../lib/gcc/arm-none-eabi/7.3.1/thumb/v7-m\libgcc.a
LOAD c:/st/stm32cubeide_1.4.0/stm32cubeide/plugins/com.st.stm32cube.ide.mcu.externaltools.gnu-tools-for-stm32.7-2018-q2-update.win32_1.4.0.202007081208/tools/bin/../lib/gcc/arm-none-eabi/7.3.1/../../../../arm-none-eabi/lib/thumb/v7-m\libc_nano.a
LOAD c:/st/stm32cubeide_1.4.0/stm32cubeide/plugins/com.st.stm32cube.ide.mcu.externaltools.gnu-tools-for-stm32.7-2018-q2-update.win32_1.4.0.202007081208/tools/bin/../lib/gcc/arm-none-eabi/7.3.1/../../../../arm-none-eabi/lib/thumb/v7-m\libnosys.a
END GROUP
LOAD c:/st/stm32cubeide_1.4.0/stm32cubeide/plugins/com.st.stm32cube.ide.mcu.externaltools.gnu-tools-for-stm32.7-2018-q2-update.win32_1.4.0.202007081208/tools/bin/../lib/gcc/arm-none-eabi/7.3.1/thumb/v7-m/crtend.o
LOAD c:/st/stm32cubeide_1.4.0/stm32cubeide/plugins/com.st.stm32cube.ide.mcu.externaltools.gnu-tools-for-stm32.7-2018-q2-update.win32_1.4.0.202007081208/tools/bin/../lib/gcc/arm-none-eabi/7.3.1/thumb/v7-m/crtn.o
                0x0000000020005000                _estack = (ORIGIN (RAM) + LENGTH (RAM))
                0x0000000000000200                _Min_Heap_Size = 0x200
                0x0000000000000400                _Min_Stack_Size = 0x400

.isr_vector     0x0000000008000000      0x10c
                0x0000000008000000                . = ALIGN (0x4)
 *(.isr_vector)
 .isr_vector    0x0000000008000000      0x10c Core/Startup/startup_stm32f103c8tx.o
                0x0000000008000000                g_pfnVectors
                0x000000000800010c                . = ALIGN (0x4)

.text           0x0000000008000110     0x66b4
                0x0000000008000110                . = ALIGN (0x4)
 *(.text)
 .text          0x0000000008000110       0x40 c:/st/stm32cubeide_1.4.0/stm32cubeide/plugins/com.st.stm32cube.ide.mcu.externaltools.gnu-tools-for-stm32.7-2018-q2-update.win32_1.4.0.202007081208/tools/bin/../lib/gcc/arm-none-eabi/7.3.1/thumb/v7-m/crtbegin.o
 .text          0x0000000008000150       0x8c common/ThirdParty/SEGGER/SEGGER/SEGGER_RTT_ASM_ARMv7M.o
                0x0000000008000150                SEGGER_RTT_ASM_WriteSkipNoLock
 *(.text*)
 .text.__NVIC_SetPriorityGrouping
                0x00000000080001dc       0x48 Core/Src/main.o
 .text.main     0x0000000008000224       0x5c Core/Src/main.o
                0x0000000008000224                main
 .text.SystemClock_Config
                0x0000000008000280       0x82 Core/Src/main.o
                0x0000000008000280                SystemClock_Config
 *fill*         0x0000000008000302        0x2 
 .text.MX_GPIO_Init
                0x0000000008000304       0x80 Core/Src/main.o
 .text.vTask1   0x0000000008000384       0x2c Core/Src/main.o
 .text.HAL_TIM_PeriodElapsedCallback
                0x00000000080003b0       0x24 Core/Src/main.o
                0x00000000080003b0                HAL_TIM_PeriodElapsedCallback
 .text.Error_Handler
                0x00000000080003d4        0xc Core/Src/main.o
                0x00000000080003d4                Error_Handler
 .text.HAL_MspInit
                0x00000000080003e0       0x64 Core/Src/stm32f1xx_hal_msp.o
                0x00000000080003e0                HAL_MspInit
 .text.HAL_InitTick
                0x0000000008000444       0xac Core/Src/stm32f1xx_hal_timebase_tim.o
                0x0000000008000444                HAL_InitTick
 .text.NMI_Handler
                0x00000000080004f0        0xc Core/Src/stm32f1xx_it.o
                0x00000000080004f0                NMI_Handler
 .text.HardFault_Handler
                0x00000000080004fc        0x6 Core/Src/stm32f1xx_it.o
                0x00000000080004fc                HardFault_Handler
 .text.MemManage_Handler
                0x0000000008000502        0x6 Core/Src/stm32f1xx_it.o
                0x0000000008000502                MemManage_Handler
 .text.BusFault_Handler
                0x0000000008000508        0x6 Core/Src/stm32f1xx_it.o
                0x0000000008000508                BusFault_Handler
 .text.UsageFault_Handler
                0x000000000800050e        0x6 Core/Src/stm32f1xx_it.o
                0x000000000800050e                UsageFault_Handler
 .text.DebugMon_Handler
                0x0000000008000514        0xc Core/Src/stm32f1xx_it.o
                0x0000000008000514                DebugMon_Handler
 .text.TIM1_UP_IRQHandler
                0x0000000008000520       0x14 Core/Src/stm32f1xx_it.o
                0x0000000008000520                TIM1_UP_IRQHandler
 .text.SystemInit
                0x0000000008000534        0xc Core/Src/system_stm32f1xx.o
                0x0000000008000534                SystemInit
 .text.Reset_Handler
                0x0000000008000540       0x48 Core/Startup/startup_stm32f103c8tx.o
                0x0000000008000540                Reset_Handler
 .text.Default_Handler
                0x0000000008000588        0x2 Core/Startup/startup_stm32f103c8tx.o
                0x0000000008000588                RTC_Alarm_IRQHandler
                0x0000000008000588                EXTI2_IRQHandler
                0x0000000008000588                TIM1_CC_IRQHandler
                0x0000000008000588                PVD_IRQHandler
                0x0000000008000588                EXTI3_IRQHandler
                0x0000000008000588                EXTI0_IRQHandler
                0x0000000008000588                I2C2_EV_IRQHandler
                0x0000000008000588                ADC1_2_IRQHandler
                0x0000000008000588                SPI1_IRQHandler
                0x0000000008000588                TAMPER_IRQHandler
                0x0000000008000588                DMA1_Channel4_IRQHandler
                0x0000000008000588                USART3_IRQHandler
                0x0000000008000588                RTC_IRQHandler
                0x0000000008000588                DMA1_Channel7_IRQHandler
                0x0000000008000588                CAN1_RX1_IRQHandler
                0x0000000008000588                TIM4_IRQHandler
                0x0000000008000588                I2C1_EV_IRQHandler
                0x0000000008000588                DMA1_Channel6_IRQHandler
                0x0000000008000588                TIM3_IRQHandler
                0x0000000008000588                RCC_IRQHandler
                0x0000000008000588                TIM1_TRG_COM_IRQHandler
                0x0000000008000588                DMA1_Channel1_IRQHandler
                0x0000000008000588                Default_Handler
                0x0000000008000588                EXTI15_10_IRQHandler
                0x0000000008000588                EXTI9_5_IRQHandler
                0x0000000008000588                SPI2_IRQHandler
                0x0000000008000588                DMA1_Channel5_IRQHandler
                0x0000000008000588                EXTI4_IRQHandler
                0x0000000008000588                USB_LP_CAN1_RX0_IRQHandler
                0x0000000008000588                USB_HP_CAN1_TX_IRQHandler
                0x0000000008000588                DMA1_Channel3_IRQHandler
                0x0000000008000588                WWDG_IRQHandler
                0x0000000008000588                TIM2_IRQHandler
                0x0000000008000588                TIM1_BRK_IRQHandler
                0x0000000008000588                EXTI1_IRQHandler
                0x0000000008000588                I2C2_ER_IRQHandler
                0x0000000008000588                DMA1_Channel2_IRQHandler
                0x0000000008000588                CAN1_SCE_IRQHandler
                0x0000000008000588                FLASH_IRQHandler
                0x0000000008000588                USART1_IRQHandler
                0x0000000008000588                I2C1_ER_IRQHandler
                0x0000000008000588                USBWakeUp_IRQHandler
 *fill*         0x000000000800058a        0x2 
 .text.HAL_Init
                0x000000000800058c       0x2c Drivers/STM32F1xx_HAL_Driver/Src/stm32f1xx_hal.o
                0x000000000800058c                HAL_Init
 .text.HAL_IncTick
                0x00000000080005b8       0x24 Drivers/STM32F1xx_HAL_Driver/Src/stm32f1xx_hal.o
                0x00000000080005b8                HAL_IncTick
 .text.HAL_GetTick
                0x00000000080005dc       0x14 Drivers/STM32F1xx_HAL_Driver/Src/stm32f1xx_hal.o
                0x00000000080005dc                HAL_GetTick
 .text.__NVIC_SetPriorityGrouping
                0x00000000080005f0       0x48 Drivers/STM32F1xx_HAL_Driver/Src/stm32f1xx_hal_cortex.o
 .text.__NVIC_GetPriorityGrouping
                0x0000000008000638       0x1c Drivers/STM32F1xx_HAL_Driver/Src/stm32f1xx_hal_cortex.o
 .text.__NVIC_EnableIRQ
                0x0000000008000654       0x38 Drivers/STM32F1xx_HAL_Driver/Src/stm32f1xx_hal_cortex.o
 .text.__NVIC_SetPriority
                0x000000000800068c       0x54 Drivers/STM32F1xx_HAL_Driver/Src/stm32f1xx_hal_cortex.o
 .text.NVIC_EncodePriority
                0x00000000080006e0       0x64 Drivers/STM32F1xx_HAL_Driver/Src/stm32f1xx_hal_cortex.o
 .text.HAL_NVIC_SetPriorityGrouping
                0x0000000008000744       0x16 Drivers/STM32F1xx_HAL_Driver/Src/stm32f1xx_hal_cortex.o
                0x0000000008000744                HAL_NVIC_SetPriorityGrouping
 .text.HAL_NVIC_SetPriority
                0x000000000800075a       0x38 Drivers/STM32F1xx_HAL_Driver/Src/stm32f1xx_hal_cortex.o
                0x000000000800075a                HAL_NVIC_SetPriority
 .text.HAL_NVIC_EnableIRQ
                0x0000000008000792       0x1c Drivers/STM32F1xx_HAL_Driver/Src/stm32f1xx_hal_cortex.o
                0x0000000008000792                HAL_NVIC_EnableIRQ
 *fill*         0x00000000080007ae        0x2 
 .text.HAL_GPIO_Init
                0x00000000080007b0      0x2b4 Drivers/STM32F1xx_HAL_Driver/Src/stm32f1xx_hal_gpio.o
                0x00000000080007b0                HAL_GPIO_Init
 .text.HAL_GPIO_WritePin
                0x0000000008000a64       0x30 Drivers/STM32F1xx_HAL_Driver/Src/stm32f1xx_hal_gpio.o
                0x0000000008000a64                HAL_GPIO_WritePin
 .text.HAL_GPIO_TogglePin
                0x0000000008000a94       0x32 Drivers/STM32F1xx_HAL_Driver/Src/stm32f1xx_hal_gpio.o
                0x0000000008000a94                HAL_GPIO_TogglePin
 *fill*         0x0000000008000ac6        0x2 
 .text.HAL_RCC_OscConfig
                0x0000000008000ac8      0x500 Drivers/STM32F1xx_HAL_Driver/Src/stm32f1xx_hal_rcc.o
                0x0000000008000ac8                HAL_RCC_OscConfig
 .text.HAL_RCC_ClockConfig
                0x0000000008000fc8      0x1d4 Drivers/STM32F1xx_HAL_Driver/Src/stm32f1xx_hal_rcc.o
                0x0000000008000fc8                HAL_RCC_ClockConfig
 .text.HAL_RCC_GetSysClockFreq
                0x000000000800119c       0xc4 Drivers/STM32F1xx_HAL_Driver/Src/stm32f1xx_hal_rcc.o
                0x000000000800119c                HAL_RCC_GetSysClockFreq
 .text.HAL_RCC_GetHCLKFreq
                0x0000000008001260       0x14 Drivers/STM32F1xx_HAL_Driver/Src/stm32f1xx_hal_rcc.o
                0x0000000008001260                HAL_RCC_GetHCLKFreq
 .text.HAL_RCC_GetPCLK2Freq
                0x0000000008001274       0x28 Drivers/STM32F1xx_HAL_Driver/Src/stm32f1xx_hal_rcc.o
                0x0000000008001274                HAL_RCC_GetPCLK2Freq
 .text.HAL_RCC_GetClockConfig
                0x000000000800129c       0x60 Drivers/STM32F1xx_HAL_Driver/Src/stm32f1xx_hal_rcc.o
                0x000000000800129c                HAL_RCC_GetClockConfig
 .text.RCC_Delay
                0x00000000080012fc       0x3c Drivers/STM32F1xx_HAL_Driver/Src/stm32f1xx_hal_rcc.o
 .text.HAL_TIM_Base_Init
                0x0000000008001338       0x9e Drivers/STM32F1xx_HAL_Driver/Src/stm32f1xx_hal_tim.o
                0x0000000008001338                HAL_TIM_Base_Init
 .text.HAL_TIM_Base_MspInit
                0x00000000080013d6       0x12 Drivers/STM32F1xx_HAL_Driver/Src/stm32f1xx_hal_tim.o
                0x00000000080013d6                HAL_TIM_Base_MspInit
 .text.HAL_TIM_Base_Start_IT
                0x00000000080013e8       0xa4 Drivers/STM32F1xx_HAL_Driver/Src/stm32f1xx_hal_tim.o
                0x00000000080013e8                HAL_TIM_Base_Start_IT
 .text.HAL_TIM_IRQHandler
                0x000000000800148c      0x210 Drivers/STM32F1xx_HAL_Driver/Src/stm32f1xx_hal_tim.o
                0x000000000800148c                HAL_TIM_IRQHandler
 .text.HAL_TIM_OC_DelayElapsedCallback
                0x000000000800169c       0x12 Drivers/STM32F1xx_HAL_Driver/Src/stm32f1xx_hal_tim.o
                0x000000000800169c                HAL_TIM_OC_DelayElapsedCallback
 .text.HAL_TIM_IC_CaptureCallback
                0x00000000080016ae       0x12 Drivers/STM32F1xx_HAL_Driver/Src/stm32f1xx_hal_tim.o
                0x00000000080016ae                HAL_TIM_IC_CaptureCallback
 .text.HAL_TIM_PWM_PulseFinishedCallback
                0x00000000080016c0       0x12 Drivers/STM32F1xx_HAL_Driver/Src/stm32f1xx_hal_tim.o
                0x00000000080016c0                HAL_TIM_PWM_PulseFinishedCallback
 .text.HAL_TIM_TriggerCallback
                0x00000000080016d2       0x12 Drivers/STM32F1xx_HAL_Driver/Src/stm32f1xx_hal_tim.o
                0x00000000080016d2                HAL_TIM_TriggerCallback
 .text.TIM_Base_SetConfig
                0x00000000080016e4       0xc4 Drivers/STM32F1xx_HAL_Driver/Src/stm32f1xx_hal_tim.o
                0x00000000080016e4                TIM_Base_SetConfig
 .text.HAL_TIMEx_CommutCallback
                0x00000000080017a8       0x12 Drivers/STM32F1xx_HAL_Driver/Src/stm32f1xx_hal_tim_ex.o
                0x00000000080017a8                HAL_TIMEx_CommutCallback
 .text.HAL_TIMEx_BreakCallback
                0x00000000080017ba       0x12 Drivers/STM32F1xx_HAL_Driver/Src/stm32f1xx_hal_tim_ex.o
                0x00000000080017ba                HAL_TIMEx_BreakCallback
 .text.vListInitialise
                0x00000000080017cc       0x3e common/ThirdParty/FreeRTOS/list.o
                0x00000000080017cc                vListInitialise
 .text.vListInitialiseItem
                0x000000000800180a       0x18 common/ThirdParty/FreeRTOS/list.o
                0x000000000800180a                vListInitialiseItem
 .text.vListInsertEnd
                0x0000000008001822       0x46 common/ThirdParty/FreeRTOS/list.o
                0x0000000008001822                vListInsertEnd
 .text.vListInsert
                0x0000000008001868       0x70 common/ThirdParty/FreeRTOS/list.o
                0x0000000008001868                vListInsert
 .text.uxListRemove
                0x00000000080018d8       0x52 common/ThirdParty/FreeRTOS/list.o
                0x00000000080018d8                uxListRemove
 *fill*         0x000000000800192a        0x2 
 .text.xQueueGenericReset
                0x000000000800192c       0xd0 common/ThirdParty/FreeRTOS/queue.o
                0x000000000800192c                xQueueGenericReset
 .text.xQueueGenericCreate
                0x00000000080019fc       0xb8 common/ThirdParty/FreeRTOS/queue.o
                0x00000000080019fc                xQueueGenericCreate
 .text.prvInitialiseNewQueue
                0x0000000008001ab4       0x52 common/ThirdParty/FreeRTOS/queue.o
 *fill*         0x0000000008001b06        0x2 
 .text.xQueueGenericSend
                0x0000000008001b08      0x244 common/ThirdParty/FreeRTOS/queue.o
                0x0000000008001b08                xQueueGenericSend
 .text.xQueueGenericSendFromISR
                0x0000000008001d4c      0x172 common/ThirdParty/FreeRTOS/queue.o
                0x0000000008001d4c                xQueueGenericSendFromISR
 *fill*         0x0000000008001ebe        0x2 
 .text.xQueueReceive
                0x0000000008001ec0      0x228 common/ThirdParty/FreeRTOS/queue.o
                0x0000000008001ec0                xQueueReceive
 .text.prvCopyDataToQueue
                0x00000000080020e8       0xd4 common/ThirdParty/FreeRTOS/queue.o
 .text.prvCopyDataFromQueue
                0x00000000080021bc       0x4c common/ThirdParty/FreeRTOS/queue.o
 .text.prvUnlockQueue
                0x0000000008002208       0xa4 common/ThirdParty/FreeRTOS/queue.o
 .text.prvIsQueueEmpty
                0x00000000080022ac       0x2c common/ThirdParty/FreeRTOS/queue.o
 .text.prvIsQueueFull
                0x00000000080022d8       0x30 common/ThirdParty/FreeRTOS/queue.o
 .text.vQueueAddToRegistry
                0x0000000008002308       0x60 common/ThirdParty/FreeRTOS/queue.o
                0x0000000008002308                vQueueAddToRegistry
 .text.vQueueWaitForMessageRestricted
                0x0000000008002368       0x68 common/ThirdParty/FreeRTOS/queue.o
                0x0000000008002368                vQueueWaitForMessageRestricted
 .text.xTaskCreate
                0x00000000080023d0       0x82 common/ThirdParty/FreeRTOS/tasks.o
                0x00000000080023d0                xTaskCreate
 .text.prvInitialiseNewTask
                0x0000000008002452      0x12a common/ThirdParty/FreeRTOS/tasks.o
 .text.prvAddNewTaskToReadyList
                0x000000000800257c      0x118 common/ThirdParty/FreeRTOS/tasks.o
 .text.vTaskDelay
                0x0000000008002694       0x70 common/ThirdParty/FreeRTOS/tasks.o
                0x0000000008002694                vTaskDelay
 .text.vTaskStartScheduler
                0x0000000008002704       0xc0 common/ThirdParty/FreeRTOS/tasks.o
                0x0000000008002704                vTaskStartScheduler
 .text.vTaskSuspendAll
                0x00000000080027c4       0x1c common/ThirdParty/FreeRTOS/tasks.o
                0x00000000080027c4                vTaskSuspendAll
 .text.xTaskResumeAll
                0x00000000080027e0      0x140 common/ThirdParty/FreeRTOS/tasks.o
                0x00000000080027e0                xTaskResumeAll
 .text.xTaskGetTickCount
                0x0000000008002920       0x1c common/ThirdParty/FreeRTOS/tasks.o
                0x0000000008002920                xTaskGetTickCount
 .text.xTaskGetTickCountFromISR
                0x000000000800293c       0x24 common/ThirdParty/FreeRTOS/tasks.o
                0x000000000800293c                xTaskGetTickCountFromISR
 .text.xTaskIncrementTick
                0x0000000008002960      0x178 common/ThirdParty/FreeRTOS/tasks.o
                0x0000000008002960                xTaskIncrementTick
 .text.vTaskSwitchContext
                0x0000000008002ad8       0xd0 common/ThirdParty/FreeRTOS/tasks.o
                0x0000000008002ad8                vTaskSwitchContext
 .text.vTaskPlaceOnEventList
                0x0000000008002ba8       0x48 common/ThirdParty/FreeRTOS/tasks.o
                0x0000000008002ba8                vTaskPlaceOnEventList
 .text.vTaskPlaceOnEventListRestricted
                0x0000000008002bf0       0x5c common/ThirdParty/FreeRTOS/tasks.o
                0x0000000008002bf0                vTaskPlaceOnEventListRestricted
 .text.xTaskRemoveFromEventList
                0x0000000008002c4c       0xcc common/ThirdParty/FreeRTOS/tasks.o
                0x0000000008002c4c                xTaskRemoveFromEventList
 .text.vTaskInternalSetTimeOutState
                0x0000000008002d18       0x2c common/ThirdParty/FreeRTOS/tasks.o
                0x0000000008002d18                vTaskInternalSetTimeOutState
 .text.xTaskCheckForTimeOut
                0x0000000008002d44       0xc8 common/ThirdParty/FreeRTOS/tasks.o
                0x0000000008002d44                xTaskCheckForTimeOut
 .text.vTaskMissedYield
                0x0000000008002e0c       0x18 common/ThirdParty/FreeRTOS/tasks.o
                0x0000000008002e0c                vTaskMissedYield
 .text.prvIdleTask
                0x0000000008002e24       0x30 common/ThirdParty/FreeRTOS/tasks.o
 .text.prvInitialiseTaskLists
                0x0000000008002e54       0x80 common/ThirdParty/FreeRTOS/tasks.o
 .text.prvCheckTasksWaitingTermination
                0x0000000008002ed4       0x58 common/ThirdParty/FreeRTOS/tasks.o
 .text.prvDeleteTCB
                0x0000000008002f2c       0x20 common/ThirdParty/FreeRTOS/tasks.o
 .text.prvResetNextTaskUnblockTime
                0x0000000008002f4c       0x34 common/ThirdParty/FreeRTOS/tasks.o
 .text.xTaskGetSchedulerState
                0x0000000008002f80       0x3c common/ThirdParty/FreeRTOS/tasks.o
                0x0000000008002f80                xTaskGetSchedulerState
 .text.xTaskPriorityDisinherit
                0x0000000008002fbc       0xfc common/ThirdParty/FreeRTOS/tasks.o
                0x0000000008002fbc                xTaskPriorityDisinherit
 .text.prvAddCurrentTaskToDelayedList
                0x00000000080030b8       0xf0 common/ThirdParty/FreeRTOS/tasks.o
 .text.xTimerCreateTimerTask
                0x00000000080031a8       0x64 common/ThirdParty/FreeRTOS/timers.o
                0x00000000080031a8                xTimerCreateTimerTask
 .text.xTimerGenericCommand
                0x000000000800320c       0x98 common/ThirdParty/FreeRTOS/timers.o
                0x000000000800320c                xTimerGenericCommand
 .text.prvProcessExpiredTimer
                0x00000000080032a4       0x98 common/ThirdParty/FreeRTOS/timers.o
 .text.prvTimerTask
                0x000000000800333c       0x24 common/ThirdParty/FreeRTOS/timers.o
 .text.prvProcessTimerOrBlockTask
                0x0000000008003360       0x9c common/ThirdParty/FreeRTOS/timers.o
 .text.prvGetNextExpireTime
                0x00000000080033fc       0x44 common/ThirdParty/FreeRTOS/timers.o
 .text.prvSampleTimeNow
                0x0000000008003440       0x40 common/ThirdParty/FreeRTOS/timers.o
 .text.prvInsertTimerInActiveList
                0x0000000008003480       0x84 common/ThirdParty/FreeRTOS/timers.o
 .text.prvProcessReceivedCommands
                0x0000000008003504      0x188 common/ThirdParty/FreeRTOS/timers.o
 .text.prvSwitchTimerLists
                0x000000000800368c       0xc8 common/ThirdParty/FreeRTOS/timers.o
 .text.prvCheckForValidListAndQueue
                0x0000000008003754       0x6c common/ThirdParty/FreeRTOS/timers.o
 .text.pxPortInitialiseStack
                0x00000000080037c0       0x58 common/ThirdParty/FreeRTOS/portable/GCC/ARM_CM3/port.o
                0x00000000080037c0                pxPortInitialiseStack
 .text.prvTaskExitError
                0x0000000008003818       0x50 common/ThirdParty/FreeRTOS/portable/GCC/ARM_CM3/port.o
 *fill*         0x0000000008003868        0x8 
 .text.SVC_Handler
                0x0000000008003870       0x28 common/ThirdParty/FreeRTOS/portable/GCC/ARM_CM3/port.o
                0x0000000008003870                SVC_Handler
 .text.prvPortStartFirstTask
                0x0000000008003898       0x24 common/ThirdParty/FreeRTOS/portable/GCC/ARM_CM3/port.o
 .text.xPortStartScheduler
                0x00000000080038bc       0xe0 common/ThirdParty/FreeRTOS/portable/GCC/ARM_CM3/port.o
                0x00000000080038bc                xPortStartScheduler
 .text.vPortEnterCritical
                0x000000000800399c       0x5c common/ThirdParty/FreeRTOS/portable/GCC/ARM_CM3/port.o
                0x000000000800399c                vPortEnterCritical
 .text.vPortExitCritical
                0x00000000080039f8       0x4c common/ThirdParty/FreeRTOS/portable/GCC/ARM_CM3/port.o
                0x00000000080039f8                vPortExitCritical
 *fill*         0x0000000008003a44        0xc 
 .text.PendSV_Handler
                0x0000000008003a50       0x48 common/ThirdParty/FreeRTOS/portable/GCC/ARM_CM3/port.o
                0x0000000008003a50                PendSV_Handler
 .text.SysTick_Handler
                0x0000000008003a98       0x40 common/ThirdParty/FreeRTOS/portable/GCC/ARM_CM3/port.o
                0x0000000008003a98                SysTick_Handler
 .text.vPortSetupTimerInterrupt
                0x0000000008003ad8       0x44 common/ThirdParty/FreeRTOS/portable/GCC/ARM_CM3/port.o
                0x0000000008003ad8                vPortSetupTimerInterrupt
 .text.vPortValidateInterruptPriority
                0x0000000008003b1c       0x78 common/ThirdParty/FreeRTOS/portable/GCC/ARM_CM3/port.o
                0x0000000008003b1c                vPortValidateInterruptPriority
 .text.pvPortMalloc
                0x0000000008003b94      0x1b8 common/ThirdParty/FreeRTOS/portable/MemMang/heap_4.o
                0x0000000008003b94                pvPortMalloc
 .text.vPortFree
                0x0000000008003d4c       0xc0 common/ThirdParty/FreeRTOS/portable/MemMang/heap_4.o
                0x0000000008003d4c                vPortFree
 .text.prvHeapInit
                0x0000000008003e0c       0xc4 common/ThirdParty/FreeRTOS/portable/MemMang/heap_4.o
 .text.prvInsertBlockIntoFreeList
                0x0000000008003ed0       0xb0 common/ThirdParty/FreeRTOS/portable/MemMang/heap_4.o
 .text._cbSendSystemDesc
                0x0000000008003f80       0x1c common/ThirdParty/SEGGER/Config/SEGGER_SYSVIEW_Config_FreeRTOS.o
 .text.SEGGER_SYSVIEW_Conf
                0x0000000008003f9c       0x2c common/ThirdParty/SEGGER/Config/SEGGER_SYSVIEW_Config_FreeRTOS.o
                0x0000000008003f9c                SEGGER_SYSVIEW_Conf
 .text._cbSendTaskList
                0x0000000008003fc8       0x90 common/ThirdParty/SEGGER/OS/SEGGER_SYSVIEW_FreeRTOS.o
 .text._cbGetTime
                0x0000000008004058       0x76 common/ThirdParty/SEGGER/OS/SEGGER_SYSVIEW_FreeRTOS.o
 *fill*         0x00000000080040ce        0x2 
 .text.SYSVIEW_AddTask
                0x00000000080040d0       0xd0 common/ThirdParty/SEGGER/OS/SEGGER_SYSVIEW_FreeRTOS.o
                0x00000000080040d0                SYSVIEW_AddTask
 .text.SYSVIEW_SendTaskInfo
                0x00000000080041a0       0x42 common/ThirdParty/SEGGER/OS/SEGGER_SYSVIEW_FreeRTOS.o
                0x00000000080041a0                SYSVIEW_SendTaskInfo
 *fill*         0x00000000080041e2        0x2 
 .text.__NVIC_EnableIRQ
                0x00000000080041e4       0x38 common/ThirdParty/SEGGER/Rec/segger_uart.o
 .text.__NVIC_SetPriority
                0x000000000800421c       0x54 common/ThirdParty/SEGGER/Rec/segger_uart.o
 .text._StartSysView
                0x0000000008004270       0x1e common/ThirdParty/SEGGER/Rec/segger_uart.o
 *fill*         0x000000000800428e        0x2 
 .text._cbOnUARTRx
                0x0000000008004290       0x40 common/ThirdParty/SEGGER/Rec/segger_uart.o
 .text._cbOnUARTTx
                0x00000000080042d0       0x64 common/ThirdParty/SEGGER/Rec/segger_uart.o
 .text.SEGGER_UART_init
                0x0000000008004334       0x24 common/ThirdParty/SEGGER/Rec/segger_uart.o
                0x0000000008004334                SEGGER_UART_init
 .text.USART2_IRQHandler
                0x0000000008004358       0x94 common/ThirdParty/SEGGER/Rec/segger_uart.o
                0x0000000008004358                USART2_IRQHandler
 .text.HIF_UART_EnableTXEInterrupt
                0x00000000080043ec       0x1c common/ThirdParty/SEGGER/Rec/segger_uart.o
                0x00000000080043ec                HIF_UART_EnableTXEInterrupt
 .text.HIF_UART_Init
                0x0000000008004408       0xe0 common/ThirdParty/SEGGER/Rec/segger_uart.o
                0x0000000008004408                HIF_UART_Init
 .text._DoInit  0x00000000080044e8       0xac common/ThirdParty/SEGGER/SEGGER/SEGGER_RTT.o
 .text._WriteBlocking
                0x0000000008004594       0xb6 common/ThirdParty/SEGGER/SEGGER/SEGGER_RTT.o
 .text._WriteNoCheck
                0x000000000800464a       0x88 common/ThirdParty/SEGGER/SEGGER/SEGGER_RTT.o
 .text._GetAvailWriteSpace
                0x00000000080046d2       0x44 common/ThirdParty/SEGGER/SEGGER/SEGGER_RTT.o
 *fill*         0x0000000008004716        0x2 
 .text.SEGGER_RTT_ReadUpBufferNoLock
                0x0000000008004718      0x10c common/ThirdParty/SEGGER/SEGGER/SEGGER_RTT.o
                0x0000000008004718                SEGGER_RTT_ReadUpBufferNoLock
 .text.SEGGER_RTT_ReadNoLock
                0x0000000008004824      0x10c common/ThirdParty/SEGGER/SEGGER/SEGGER_RTT.o
                0x0000000008004824                SEGGER_RTT_ReadNoLock
 .text.SEGGER_RTT_WriteDownBufferNoLock
                0x0000000008004930       0x9c common/ThirdParty/SEGGER/SEGGER/SEGGER_RTT.o
                0x0000000008004930                SEGGER_RTT_WriteDownBufferNoLock
 .text.SEGGER_RTT_WriteDownBuffer
                0x00000000080049cc       0x4c common/ThirdParty/SEGGER/SEGGER/SEGGER_RTT.o
                0x00000000080049cc                SEGGER_RTT_WriteDownBuffer
 .text.SEGGER_RTT_AllocUpBuffer
                0x0000000008004a18      0x104 common/ThirdParty/SEGGER/SEGGER/SEGGER_RTT.o
                0x0000000008004a18                SEGGER_RTT_AllocUpBuffer
 .text.SEGGER_RTT_ConfigDownBuffer
                0x0000000008004b1c       0x94 common/ThirdParty/SEGGER/SEGGER/SEGGER_RTT.o
                0x0000000008004b1c                SEGGER_RTT_ConfigDownBuffer
 .text._EncodeStr
                0x0000000008004bb0       0x5e common/ThirdParty/SEGGER/SEGGER/SEGGER_SYSVIEW.o
 .text._PreparePacket
                0x0000000008004c0e       0x16 common/ThirdParty/SEGGER/SEGGER/SEGGER_SYSVIEW.o
 .text._HandleIncomingPacket
                0x0000000008004c24       0xd4 common/ThirdParty/SEGGER/SEGGER/SEGGER_SYSVIEW.o
 .text._TrySendOverflowPacket
                0x0000000008004cf8       0xe8 common/ThirdParty/SEGGER/SEGGER/SEGGER_SYSVIEW.o
 .text._SendPacket
                0x0000000008004de0      0x2e0 common/ThirdParty/SEGGER/SEGGER/SEGGER_SYSVIEW.o
 .text._StoreChar
                0x00000000080050c0       0xf6 common/ThirdParty/SEGGER/SEGGER/SEGGER_SYSVIEW.o
 *fill*         0x00000000080051b6        0x2 
 .text._PrintUnsigned
                0x00000000080051b8      0x12c common/ThirdParty/SEGGER/SEGGER/SEGGER_SYSVIEW.o
 .text._PrintInt
                0x00000000080052e4      0x11e common/ThirdParty/SEGGER/SEGGER/SEGGER_SYSVIEW.o
 *fill*         0x0000000008005402        0x2 
 .text._VPrintTarget
                0x0000000008005404      0x3c4 common/ThirdParty/SEGGER/SEGGER/SEGGER_SYSVIEW.o
 .text.SEGGER_SYSVIEW_Init
                0x00000000080057c8       0x88 common/ThirdParty/SEGGER/SEGGER/SEGGER_SYSVIEW.o
                0x00000000080057c8                SEGGER_SYSVIEW_Init
 .text.SEGGER_SYSVIEW_SetRAMBase
                0x0000000008005850       0x1c common/ThirdParty/SEGGER/SEGGER/SEGGER_SYSVIEW.o
                0x0000000008005850                SEGGER_SYSVIEW_SetRAMBase
 .text.SEGGER_SYSVIEW_RecordVoid
                0x000000000800586c       0x3c common/ThirdParty/SEGGER/SEGGER/SEGGER_SYSVIEW.o
                0x000000000800586c                SEGGER_SYSVIEW_RecordVoid
 .text.SEGGER_SYSVIEW_RecordU32
                0x00000000080058a8       0x78 common/ThirdParty/SEGGER/SEGGER/SEGGER_SYSVIEW.o
                0x00000000080058a8                SEGGER_SYSVIEW_RecordU32
 .text.SEGGER_SYSVIEW_RecordU32x2
                0x0000000008005920       0xb4 common/ThirdParty/SEGGER/SEGGER/SEGGER_SYSVIEW.o
                0x0000000008005920                SEGGER_SYSVIEW_RecordU32x2
 .text.SEGGER_SYSVIEW_RecordU32x3
                0x00000000080059d4       0xec common/ThirdParty/SEGGER/SEGGER/SEGGER_SYSVIEW.o
                0x00000000080059d4                SEGGER_SYSVIEW_RecordU32x3
 .text.SEGGER_SYSVIEW_RecordU32x4
                0x0000000008005ac0      0x124 common/ThirdParty/SEGGER/SEGGER/SEGGER_SYSVIEW.o
                0x0000000008005ac0                SEGGER_SYSVIEW_RecordU32x4
 .text.SEGGER_SYSVIEW_Start
                0x0000000008005be4      0x178 common/ThirdParty/SEGGER/SEGGER/SEGGER_SYSVIEW.o
                0x0000000008005be4                SEGGER_SYSVIEW_Start
 .text.SEGGER_SYSVIEW_Stop
                0x0000000008005d5c       0x4c common/ThirdParty/SEGGER/SEGGER/SEGGER_SYSVIEW.o
                0x0000000008005d5c                SEGGER_SYSVIEW_Stop
 .text.SEGGER_SYSVIEW_GetSysDesc
                0x0000000008005da8      0x134 common/ThirdParty/SEGGER/SEGGER/SEGGER_SYSVIEW.o
                0x0000000008005da8                SEGGER_SYSVIEW_GetSysDesc
 .text.SEGGER_SYSVIEW_SendTaskInfo
                0x0000000008005edc      0x1c8 common/ThirdParty/SEGGER/SEGGER/SEGGER_SYSVIEW.o
                0x0000000008005edc                SEGGER_SYSVIEW_SendTaskInfo
 .text.SEGGER_SYSVIEW_SendTaskList
                0x00000000080060a4       0x28 common/ThirdParty/SEGGER/SEGGER/SEGGER_SYSVIEW.o
                0x00000000080060a4                SEGGER_SYSVIEW_SendTaskList
 .text.SEGGER_SYSVIEW_SendSysDesc
                0x00000000080060cc       0x48 common/ThirdParty/SEGGER/SEGGER/SEGGER_SYSVIEW.o
                0x00000000080060cc                SEGGER_SYSVIEW_SendSysDesc
 .text.SEGGER_SYSVIEW_RecordSystime
                0x0000000008006114       0x60 common/ThirdParty/SEGGER/SEGGER/SEGGER_SYSVIEW.o
                0x0000000008006114                SEGGER_SYSVIEW_RecordSystime
 .text.SEGGER_SYSVIEW_OnIdle
                0x0000000008006174       0x38 common/ThirdParty/SEGGER/SEGGER/SEGGER_SYSVIEW.o
                0x0000000008006174                SEGGER_SYSVIEW_OnIdle
 .text.SEGGER_SYSVIEW_OnTaskCreate
                0x00000000080061ac       0x84 common/ThirdParty/SEGGER/SEGGER/SEGGER_SYSVIEW.o
                0x00000000080061ac                SEGGER_SYSVIEW_OnTaskCreate
 .text.SEGGER_SYSVIEW_OnTaskStartExec
                0x0000000008006230       0x84 common/ThirdParty/SEGGER/SEGGER/SEGGER_SYSVIEW.o
                0x0000000008006230                SEGGER_SYSVIEW_OnTaskStartExec
 .text.SEGGER_SYSVIEW_OnTaskStartReady
                0x00000000080062b4       0x84 common/ThirdParty/SEGGER/SEGGER/SEGGER_SYSVIEW.o
                0x00000000080062b4                SEGGER_SYSVIEW_OnTaskStartReady
 .text.SEGGER_SYSVIEW_OnTaskStopReady
                0x0000000008006338       0xc0 common/ThirdParty/SEGGER/SEGGER/SEGGER_SYSVIEW.o
                0x0000000008006338                SEGGER_SYSVIEW_OnTaskStopReady
 .text.SEGGER_SYSVIEW_ShrinkId
                0x00000000080063f8       0x20 common/ThirdParty/SEGGER/SEGGER/SEGGER_SYSVIEW.o
                0x00000000080063f8                SEGGER_SYSVIEW_ShrinkId
 .text.SEGGER_SYSVIEW_SendModule
                0x0000000008006418      0x114 common/ThirdParty/SEGGER/SEGGER/SEGGER_SYSVIEW.o
                0x0000000008006418                SEGGER_SYSVIEW_SendModule
 .text.SEGGER_SYSVIEW_SendModuleDescription
                0x000000000800652c       0x3c common/ThirdParty/SEGGER/SEGGER/SEGGER_SYSVIEW.o
                0x000000000800652c                SEGGER_SYSVIEW_SendModuleDescription
 .text.SEGGER_SYSVIEW_SendNumModules
                0x0000000008006568       0x7c common/ThirdParty/SEGGER/SEGGER/SEGGER_SYSVIEW.o
                0x0000000008006568                SEGGER_SYSVIEW_SendNumModules
 .text.SEGGER_SYSVIEW_PrintfTarget
                0x00000000080065e4       0x28 common/ThirdParty/SEGGER/SEGGER/SEGGER_SYSVIEW.o
                0x00000000080065e4                SEGGER_SYSVIEW_PrintfTarget
 .text.SEGGER_SYSVIEW_Warn
                0x000000000800660c       0xb8 common/ThirdParty/SEGGER/SEGGER/SEGGER_SYSVIEW.o
                0x000000000800660c                SEGGER_SYSVIEW_Warn
 .text.SEGGER_SYSVIEW_IsStarted
                0x00000000080066c4       0x5c common/ThirdParty/SEGGER/SEGGER/SEGGER_SYSVIEW.o
                0x00000000080066c4                SEGGER_SYSVIEW_IsStarted
 .text.__libc_init_array
                0x0000000008006720       0x48 c:/st/stm32cubeide_1.4.0/stm32cubeide/plugins/com.st.stm32cube.ide.mcu.externaltools.gnu-tools-for-stm32.7-2018-q2-update.win32_1.4.0.202007081208/tools/bin/../lib/gcc/arm-none-eabi/7.3.1/../../../../arm-none-eabi/lib/thumb/v7-m\libc_nano.a(lib_a-init.o)
                0x0000000008006720                __libc_init_array
 .text.memcmp   0x0000000008006768       0x1e c:/st/stm32cubeide_1.4.0/stm32cubeide/plugins/com.st.stm32cube.ide.mcu.externaltools.gnu-tools-for-stm32.7-2018-q2-update.win32_1.4.0.202007081208/tools/bin/../lib/gcc/arm-none-eabi/7.3.1/../../../../arm-none-eabi/lib/thumb/v7-m\libc_nano.a(lib_a-memcmp.o)
                0x0000000008006768                memcmp
 .text.memcpy   0x0000000008006786       0x16 c:/st/stm32cubeide_1.4.0/stm32cubeide/plugins/com.st.stm32cube.ide.mcu.externaltools.gnu-tools-for-stm32.7-2018-q2-update.win32_1.4.0.202007081208/tools/bin/../lib/gcc/arm-none-eabi/7.3.1/../../../../arm-none-eabi/lib/thumb/v7-m\libc_nano.a(lib_a-memcpy-stub.o)
                0x0000000008006786                memcpy
 .text.memset   0x000000000800679c       0x10 c:/st/stm32cubeide_1.4.0/stm32cubeide/plugins/com.st.stm32cube.ide.mcu.externaltools.gnu-tools-for-stm32.7-2018-q2-update.win32_1.4.0.202007081208/tools/bin/../lib/gcc/arm-none-eabi/7.3.1/../../../../arm-none-eabi/lib/thumb/v7-m\libc_nano.a(lib_a-memset.o)
                0x000000000800679c                memset
 *(.glue_7)
 .glue_7        0x00000000080067ac        0x0 linker stubs
 *(.glue_7t)
 .glue_7t       0x00000000080067ac        0x0 linker stubs
 *(.eh_frame)
 .eh_frame      0x00000000080067ac        0x0 c:/st/stm32cubeide_1.4.0/stm32cubeide/plugins/com.st.stm32cube.ide.mcu.externaltools.gnu-tools-for-stm32.7-2018-q2-update.win32_1.4.0.202007081208/tools/bin/../lib/gcc/arm-none-eabi/7.3.1/thumb/v7-m/crtbegin.o
 *(.init)
 .init          0x00000000080067ac        0x4 c:/st/stm32cubeide_1.4.0/stm32cubeide/plugins/com.st.stm32cube.ide.mcu.externaltools.gnu-tools-for-stm32.7-2018-q2-update.win32_1.4.0.202007081208/tools/bin/../lib/gcc/arm-none-eabi/7.3.1/thumb/v7-m/crti.o
                0x00000000080067ac                _init
 .init          0x00000000080067b0        0x8 c:/st/stm32cubeide_1.4.0/stm32cubeide/plugins/com.st.stm32cube.ide.mcu.externaltools.gnu-tools-for-stm32.7-2018-q2-update.win32_1.4.0.202007081208/tools/bin/../lib/gcc/arm-none-eabi/7.3.1/thumb/v7-m/crtn.o
 *(.fini)
 .fini          0x00000000080067b8        0x4 c:/st/stm32cubeide_1.4.0/stm32cubeide/plugins/com.st.stm32cube.ide.mcu.externaltools.gnu-tools-for-stm32.7-2018-q2-update.win32_1.4.0.202007081208/tools/bin/../lib/gcc/arm-none-eabi/7.3.1/thumb/v7-m/crti.o
                0x00000000080067b8                _fini
 .fini          0x00000000080067bc        0x8 c:/st/stm32cubeide_1.4.0/stm32cubeide/plugins/com.st.stm32cube.ide.mcu.externaltools.gnu-tools-for-stm32.7-2018-q2-update.win32_1.4.0.202007081208/tools/bin/../lib/gcc/arm-none-eabi/7.3.1/thumb/v7-m/crtn.o
                0x00000000080067c4                . = ALIGN (0x4)
                0x00000000080067c4                _etext = .

.vfp11_veneer   0x00000000080067c4        0x0
 .vfp11_veneer  0x00000000080067c4        0x0 linker stubs

.v4_bx          0x00000000080067c4        0x0
 .v4_bx         0x00000000080067c4        0x0 linker stubs

.iplt           0x00000000080067c4        0x0
 .iplt          0x00000000080067c4        0x0 c:/st/stm32cubeide_1.4.0/stm32cubeide/plugins/com.st.stm32cube.ide.mcu.externaltools.gnu-tools-for-stm32.7-2018-q2-update.win32_1.4.0.202007081208/tools/bin/../lib/gcc/arm-none-eabi/7.3.1/thumb/v7-m/crtbegin.o

.rodata         0x00000000080067c4      0x16c
                0x00000000080067c4                . = ALIGN (0x4)
 *(.rodata)
 .rodata        0x00000000080067c4       0x20 Core/Src/main.o
 .rodata        0x00000000080067e4       0x12 Drivers/STM32F1xx_HAL_Driver/Src/stm32f1xx_hal_rcc.o
 *fill*         0x00000000080067f6        0x2 
 .rodata        0x00000000080067f8       0x17 common/ThirdParty/FreeRTOS/tasks.o
 *fill*         0x000000000800680f        0x1 
 .rodata        0x0000000008006810        0xd common/ThirdParty/FreeRTOS/timers.o
 *fill*         0x000000000800681d        0x3 
 .rodata        0x0000000008006820       0x45 common/ThirdParty/SEGGER/Config/SEGGER_SYSVIEW_Config_FreeRTOS.o
 *fill*         0x0000000008006865        0x3 
 .rodata        0x0000000008006868       0x58 common/ThirdParty/SEGGER/OS/SEGGER_SYSVIEW_FreeRTOS.o
 .rodata        0x00000000080068c0        0x9 common/ThirdParty/SEGGER/SEGGER/SEGGER_RTT.o
 *fill*         0x00000000080068c9        0x3 
 .rodata        0x00000000080068cc       0x10 common/ThirdParty/SEGGER/SEGGER/SEGGER_SYSVIEW.o
 *(.rodata*)
 .rodata.AHBPrescTable
                0x00000000080068dc       0x10 Core/Src/system_stm32f1xx.o
                0x00000000080068dc                AHBPrescTable
 .rodata.APBPrescTable
                0x00000000080068ec        0x8 Core/Src/system_stm32f1xx.o
                0x00000000080068ec                APBPrescTable
 .rodata.SYSVIEW_X_OS_TraceAPI
                0x00000000080068f4        0x8 common/ThirdParty/SEGGER/OS/SEGGER_SYSVIEW_FreeRTOS.o
                0x00000000080068f4                SYSVIEW_X_OS_TraceAPI
 .rodata._abHelloMsg
                0x00000000080068fc        0x4 common/ThirdParty/SEGGER/Rec/segger_uart.o
 .rodata._aInitStr.5108
                0x0000000008006900       0x11 common/ThirdParty/SEGGER/SEGGER/SEGGER_RTT.o
 *fill*         0x0000000008006911        0x3 
 .rodata._abSync
                0x0000000008006914        0xa common/ThirdParty/SEGGER/SEGGER/SEGGER_SYSVIEW.o
 *fill*         0x000000000800691e        0x2 
 .rodata._aV2C.5715
                0x0000000008006920       0x10 common/ThirdParty/SEGGER/SEGGER/SEGGER_SYSVIEW.o
                0x0000000008006930                . = ALIGN (0x4)

.rel.dyn        0x0000000008006930        0x0
 .rel.iplt      0x0000000008006930        0x0 c:/st/stm32cubeide_1.4.0/stm32cubeide/plugins/com.st.stm32cube.ide.mcu.externaltools.gnu-tools-for-stm32.7-2018-q2-update.win32_1.4.0.202007081208/tools/bin/../lib/gcc/arm-none-eabi/7.3.1/thumb/v7-m/crtbegin.o

.ARM.extab      0x0000000008006930        0x0
                0x0000000008006930                . = ALIGN (0x4)
 *(.ARM.extab* .gnu.linkonce.armextab.*)
                0x0000000008006930                . = ALIGN (0x4)

.ARM            0x0000000008006930        0x0
                0x0000000008006930                . = ALIGN (0x4)
                0x0000000008006930                __exidx_start = .
 *(.ARM.exidx*)
                0x0000000008006930                __exidx_end = .
                0x0000000008006930                . = ALIGN (0x4)

.preinit_array  0x0000000008006930        0x0
                0x0000000008006930                . = ALIGN (0x4)
                0x0000000008006930                PROVIDE (__preinit_array_start = .)
 *(.preinit_array*)
                0x0000000008006930                PROVIDE (__preinit_array_end = .)
                0x0000000008006930                . = ALIGN (0x4)

.init_array     0x0000000008006930        0x4
                0x0000000008006930                . = ALIGN (0x4)
                0x0000000008006930                PROVIDE (__init_array_start = .)
 *(SORT_BY_NAME(.init_array.*))
 *(.init_array*)
 .init_array    0x0000000008006930        0x4 c:/st/stm32cubeide_1.4.0/stm32cubeide/plugins/com.st.stm32cube.ide.mcu.externaltools.gnu-tools-for-stm32.7-2018-q2-update.win32_1.4.0.202007081208/tools/bin/../lib/gcc/arm-none-eabi/7.3.1/thumb/v7-m/crtbegin.o
                0x0000000008006934                PROVIDE (__init_array_end = .)
                0x0000000008006934                . = ALIGN (0x4)

.fini_array     0x0000000008006934        0x4
                0x0000000008006934                . = ALIGN (0x4)
                [!provide]                        PROVIDE (__fini_array_start = .)
 *(SORT_BY_NAME(.fini_array.*))
 *(.fini_array*)
 .fini_array    0x0000000008006934        0x4 c:/st/stm32cubeide_1.4.0/stm32cubeide/plugins/com.st.stm32cube.ide.mcu.externaltools.gnu-tools-for-stm32.7-2018-q2-update.win32_1.4.0.202007081208/tools/bin/../lib/gcc/arm-none-eabi/7.3.1/thumb/v7-m/crtbegin.o
                [!provide]                        PROVIDE (__fini_array_end = .)
                0x0000000008006938                . = ALIGN (0x4)
                0x0000000008006938                _sidata = LOADADDR (.data)

.data           0x0000000020000000       0x1c load address 0x0000000008006938
                0x0000000020000000                . = ALIGN (0x4)
                0x0000000020000000                _sdata = .
 *(.data)
 *(.data*)
 .data.SystemCoreClock
                0x0000000020000000        0x4 Core/Src/system_stm32f1xx.o
                0x0000000020000000                SystemCoreClock
 .data.uwTickPrio
                0x0000000020000004        0x4 Drivers/STM32F1xx_HAL_Driver/Src/stm32f1xx_hal.o
                0x0000000020000004                uwTickPrio
 .data.uwTickFreq
                0x0000000020000008        0x1 Drivers/STM32F1xx_HAL_Driver/Src/stm32f1xx_hal.o
                0x0000000020000008                uwTickFreq
 *fill*         0x0000000020000009        0x3 
 .data.uxTopUsedPriority
                0x000000002000000c        0x4 common/ThirdParty/FreeRTOS/tasks.o
                0x000000002000000c                uxTopUsedPriority
 .data.uxCriticalNesting
                0x0000000020000010        0x4 common/ThirdParty/FreeRTOS/portable/GCC/ARM_CM3/port.o
 .data._SVInfo  0x0000000020000014        0x8 common/ThirdParty/SEGGER/Rec/segger_uart.o
                0x000000002000001c                . = ALIGN (0x4)
                0x000000002000001c                _edata = .

.igot.plt       0x000000002000001c        0x0 load address 0x0000000008006954
 .igot.plt      0x000000002000001c        0x0 c:/st/stm32cubeide_1.4.0/stm32cubeide/plugins/com.st.stm32cube.ide.mcu.externaltools.gnu-tools-for-stm32.7-2018-q2-update.win32_1.4.0.202007081208/tools/bin/../lib/gcc/arm-none-eabi/7.3.1/thumb/v7-m/crtbegin.o
                0x000000002000001c                . = ALIGN (0x4)

.bss            0x000000002000001c     0x4490 load address 0x0000000008006954
                0x000000002000001c                _sbss = .
                0x000000002000001c                __bss_start__ = _sbss
 *(.bss)
 .bss           0x000000002000001c       0x1c c:/st/stm32cubeide_1.4.0/stm32cubeide/plugins/com.st.stm32cube.ide.mcu.externaltools.gnu-tools-for-stm32.7-2018-q2-update.win32_1.4.0.202007081208/tools/bin/../lib/gcc/arm-none-eabi/7.3.1/thumb/v7-m/crtbegin.o
 *(.bss*)
 .bss.pxCurrentTCB
                0x0000000020000038        0x4 common/ThirdParty/FreeRTOS/tasks.o
                0x0000000020000038                pxCurrentTCB
 .bss.pxReadyTasksLists
                0x000000002000003c       0x64 common/ThirdParty/FreeRTOS/tasks.o
 .bss.xDelayedTaskList1
                0x00000000200000a0       0x14 common/ThirdParty/FreeRTOS/tasks.o
 .bss.xDelayedTaskList2
                0x00000000200000b4       0x14 common/ThirdParty/FreeRTOS/tasks.o
 .bss.pxDelayedTaskList
                0x00000000200000c8        0x4 common/ThirdParty/FreeRTOS/tasks.o
 .bss.pxOverflowDelayedTaskList
                0x00000000200000cc        0x4 common/ThirdParty/FreeRTOS/tasks.o
 .bss.xPendingReadyList
                0x00000000200000d0       0x14 common/ThirdParty/FreeRTOS/tasks.o
 .bss.xTasksWaitingTermination
                0x00000000200000e4       0x14 common/ThirdParty/FreeRTOS/tasks.o
 .bss.uxDeletedTasksWaitingCleanUp
                0x00000000200000f8        0x4 common/ThirdParty/FreeRTOS/tasks.o
 .bss.xSuspendedTaskList
                0x00000000200000fc       0x14 common/ThirdParty/FreeRTOS/tasks.o
 .bss.uxCurrentNumberOfTasks
                0x0000000020000110        0x4 common/ThirdParty/FreeRTOS/tasks.o
 .bss.xTickCount
                0x0000000020000114        0x4 common/ThirdParty/FreeRTOS/tasks.o
 .bss.uxTopReadyPriority
                0x0000000020000118        0x4 common/ThirdParty/FreeRTOS/tasks.o
 .bss.xSchedulerRunning
                0x000000002000011c        0x4 common/ThirdParty/FreeRTOS/tasks.o
 .bss.xPendedTicks
                0x0000000020000120        0x4 common/ThirdParty/FreeRTOS/tasks.o
 .bss.xYieldPending
                0x0000000020000124        0x4 common/ThirdParty/FreeRTOS/tasks.o
 .bss.xNumOfOverflows
                0x0000000020000128        0x4 common/ThirdParty/FreeRTOS/tasks.o
 .bss.uxTaskNumber
                0x000000002000012c        0x4 common/ThirdParty/FreeRTOS/tasks.o
 .bss.xNextTaskUnblockTime
                0x0000000020000130        0x4 common/ThirdParty/FreeRTOS/tasks.o
 .bss.xIdleTaskHandle
                0x0000000020000134        0x4 common/ThirdParty/FreeRTOS/tasks.o
 .bss.uxSchedulerSuspended
                0x0000000020000138        0x4 common/ThirdParty/FreeRTOS/tasks.o
 .bss.xActiveTimerList1
                0x000000002000013c       0x14 common/ThirdParty/FreeRTOS/timers.o
 .bss.xActiveTimerList2
                0x0000000020000150       0x14 common/ThirdParty/FreeRTOS/timers.o
 .bss.pxCurrentTimerList
                0x0000000020000164        0x4 common/ThirdParty/FreeRTOS/timers.o
 .bss.pxOverflowTimerList
                0x0000000020000168        0x4 common/ThirdParty/FreeRTOS/timers.o
 .bss.xTimerQueue
                0x000000002000016c        0x4 common/ThirdParty/FreeRTOS/timers.o
 .bss.xTimerTaskHandle
                0x0000000020000170        0x4 common/ThirdParty/FreeRTOS/timers.o
 .bss.xLastTime.5925
                0x0000000020000174        0x4 common/ThirdParty/FreeRTOS/timers.o
 .bss.ucMaxSysCallPriority
                0x0000000020000178        0x1 common/ThirdParty/FreeRTOS/portable/GCC/ARM_CM3/port.o
 *fill*         0x0000000020000179        0x3 
 .bss.ulMaxPRIGROUPValue
                0x000000002000017c        0x4 common/ThirdParty/FreeRTOS/portable/GCC/ARM_CM3/port.o
 .bss.ucHeap    0x0000000020000180     0x2800 common/ThirdParty/FreeRTOS/portable/MemMang/heap_4.o
 .bss.xStart    0x0000000020002980        0x8 common/ThirdParty/FreeRTOS/portable/MemMang/heap_4.o
 .bss.pxEnd     0x0000000020002988        0x4 common/ThirdParty/FreeRTOS/portable/MemMang/heap_4.o
 .bss.xFreeBytesRemaining
                0x000000002000298c        0x4 common/ThirdParty/FreeRTOS/portable/MemMang/heap_4.o
 .bss.xMinimumEverFreeBytesRemaining
                0x0000000020002990        0x4 common/ThirdParty/FreeRTOS/portable/MemMang/heap_4.o
 .bss.xNumberOfSuccessfulAllocations
                0x0000000020002994        0x4 common/ThirdParty/FreeRTOS/portable/MemMang/heap_4.o
 .bss.xNumberOfSuccessfulFrees
                0x0000000020002998        0x4 common/ThirdParty/FreeRTOS/portable/MemMang/heap_4.o
 .bss.xBlockAllocatedBit
                0x000000002000299c        0x4 common/ThirdParty/FreeRTOS/portable/MemMang/heap_4.o
 .bss._aTasks   0x00000000200029a0       0xa0 common/ThirdParty/SEGGER/OS/SEGGER_SYSVIEW_FreeRTOS.o
 .bss._NumTasks
                0x0000000020002a40        0x4 common/ThirdParty/SEGGER/OS/SEGGER_SYSVIEW_FreeRTOS.o
 .bss._cbOnRx   0x0000000020002a44        0x4 common/ThirdParty/SEGGER/Rec/segger_uart.o
 .bss._cbOnTx   0x0000000020002a48        0x4 common/ThirdParty/SEGGER/Rec/segger_uart.o
 .bss._acUpBuffer
                0x0000000020002a4c      0x400 common/ThirdParty/SEGGER/SEGGER/SEGGER_RTT.o
 .bss._acDownBuffer
                0x0000000020002e4c       0x10 common/ThirdParty/SEGGER/SEGGER/SEGGER_RTT.o
 .bss._UpBuffer
                0x0000000020002e5c     0x1400 common/ThirdParty/SEGGER/SEGGER/SEGGER_SYSVIEW.o
 .bss._DownBuffer
                0x000000002000425c        0x8 common/ThirdParty/SEGGER/SEGGER/SEGGER_SYSVIEW.o
 .bss._SYSVIEW_Globals
                0x0000000020004264       0x28 common/ThirdParty/SEGGER/SEGGER/SEGGER_SYSVIEW.o
 .bss._pFirstModule
                0x000000002000428c        0x4 common/ThirdParty/SEGGER/SEGGER/SEGGER_SYSVIEW.o
 .bss._NumModules
                0x0000000020004290        0x1 common/ThirdParty/SEGGER/SEGGER/SEGGER_SYSVIEW.o
 *fill*         0x0000000020004291        0x3 
 .bss._aPacket  0x0000000020004294       0xe3 common/ThirdParty/SEGGER/SEGGER/SEGGER_SYSVIEW.o
 *(COMMON)
 *fill*         0x0000000020004377        0x1 
 COMMON         0x0000000020004378       0x48 Core/Src/stm32f1xx_hal_timebase_tim.o
                0x0000000020004378                htim1
 COMMON         0x00000000200043c0        0x4 Drivers/STM32F1xx_HAL_Driver/Src/stm32f1xx_hal.o
                0x00000000200043c0                uwTick
 COMMON         0x00000000200043c4       0x40 common/ThirdParty/FreeRTOS/queue.o
                0x00000000200043c4                xQueueRegistry
 COMMON         0x0000000020004404       0xa8 common/ThirdParty/SEGGER/SEGGER/SEGGER_RTT.o
                0x0000000020004404                _SEGGER_RTT
                0x00000000200044ac                . = ALIGN (0x4)
                0x00000000200044ac                _ebss = .
                0x00000000200044ac                __bss_end__ = _ebss

._user_heap_stack
                0x00000000200044ac      0x604 load address 0x0000000008006954
                0x00000000200044b0                . = ALIGN (0x8)
 *fill*         0x00000000200044ac        0x4 
                [!provide]                        PROVIDE (end = .)
                0x00000000200044b0                PROVIDE (_end = .)
                0x00000000200046b0                . = (. + _Min_Heap_Size)
 *fill*         0x00000000200044b0      0x200 
                0x0000000020004ab0                . = (. + _Min_Stack_Size)
 *fill*         0x00000000200046b0      0x400 
                0x0000000020004ab0                . = ALIGN (0x8)

/DISCARD/
 libc.a(*)
 libm.a(*)
 libgcc.a(*)

.ARM.attributes
                0x0000000000000000       0x29
 *(.ARM.attributes)
 .ARM.attributes
                0x0000000000000000       0x1d c:/st/stm32cubeide_1.4.0/stm32cubeide/plugins/com.st.stm32cube.ide.mcu.externaltools.gnu-tools-for-stm32.7-2018-q2-update.win32_1.4.0.202007081208/tools/bin/../lib/gcc/arm-none-eabi/7.3.1/thumb/v7-m/crti.o
 .ARM.attributes
                0x000000000000001d       0x2d c:/st/stm32cubeide_1.4.0/stm32cubeide/plugins/com.st.stm32cube.ide.mcu.externaltools.gnu-tools-for-stm32.7-2018-q2-update.win32_1.4.0.202007081208/tools/bin/../lib/gcc/arm-none-eabi/7.3.1/thumb/v7-m/crtbegin.o
 .ARM.attributes
                0x000000000000004a       0x33 Core/Src/main.o
 .ARM.attributes
                0x000000000000007d       0x33 Core/Src/stm32f1xx_hal_msp.o
 .ARM.attributes
                0x00000000000000b0       0x33 Core/Src/stm32f1xx_hal_timebase_tim.o
 .ARM.attributes
                0x00000000000000e3       0x33 Core/Src/stm32f1xx_it.o
 .ARM.attributes
                0x0000000000000116       0x33 Core/Src/system_stm32f1xx.o
 .ARM.attributes
                0x0000000000000149       0x21 Core/Startup/startup_stm32f103c8tx.o
 .ARM.attributes
                0x000000000000016a       0x33 Drivers/STM32F1xx_HAL_Driver/Src/stm32f1xx_hal.o
 .ARM.attributes
                0x000000000000019d       0x33 Drivers/STM32F1xx_HAL_Driver/Src/stm32f1xx_hal_cortex.o
 .ARM.attributes
                0x00000000000001d0       0x33 Drivers/STM32F1xx_HAL_Driver/Src/stm32f1xx_hal_gpio.o
 .ARM.attributes
                0x0000000000000203       0x33 Drivers/STM32F1xx_HAL_Driver/Src/stm32f1xx_hal_rcc.o
 .ARM.attributes
                0x0000000000000236       0x33 Drivers/STM32F1xx_HAL_Driver/Src/stm32f1xx_hal_tim.o
 .ARM.attributes
                0x0000000000000269       0x33 Drivers/STM32F1xx_HAL_Driver/Src/stm32f1xx_hal_tim_ex.o
 .ARM.attributes
                0x000000000000029c       0x33 common/ThirdParty/FreeRTOS/list.o
 .ARM.attributes
                0x00000000000002cf       0x33 common/ThirdParty/FreeRTOS/queue.o
 .ARM.attributes
                0x0000000000000302       0x33 common/ThirdParty/FreeRTOS/tasks.o
 .ARM.attributes
                0x0000000000000335       0x33 common/ThirdParty/FreeRTOS/timers.o
 .ARM.attributes
                0x0000000000000368       0x33 common/ThirdParty/FreeRTOS/portable/GCC/ARM_CM3/port.o
 .ARM.attributes
                0x000000000000039b       0x33 common/ThirdParty/FreeRTOS/portable/MemMang/heap_4.o
 .ARM.attributes
                0x00000000000003ce       0x33 common/ThirdParty/SEGGER/Config/SEGGER_SYSVIEW_Config_FreeRTOS.o
 .ARM.attributes
                0x0000000000000401       0x33 common/ThirdParty/SEGGER/OS/SEGGER_SYSVIEW_FreeRTOS.o
 .ARM.attributes
                0x0000000000000434       0x33 common/ThirdParty/SEGGER/Rec/segger_uart.o
 .ARM.attributes
                0x0000000000000467       0x33 common/ThirdParty/SEGGER/SEGGER/SEGGER_RTT.o
 .ARM.attributes
                0x000000000000049a       0x21 common/ThirdParty/SEGGER/SEGGER/SEGGER_RTT_ASM_ARMv7M.o
 .ARM.attributes
                0x00000000000004bb       0x33 common/ThirdParty/SEGGER/SEGGER/SEGGER_SYSVIEW.o
 .ARM.attributes
                0x00000000000004ee       0x2d c:/st/stm32cubeide_1.4.0/stm32cubeide/plugins/com.st.stm32cube.ide.mcu.externaltools.gnu-tools-for-stm32.7-2018-q2-update.win32_1.4.0.202007081208/tools/bin/../lib/gcc/arm-none-eabi/7.3.1/../../../../arm-none-eabi/lib/thumb/v7-m\libc_nano.a(lib_a-init.o)
 .ARM.attributes
                0x000000000000051b       0x2d c:/st/stm32cubeide_1.4.0/stm32cubeide/plugins/com.st.stm32cube.ide.mcu.externaltools.gnu-tools-for-stm32.7-2018-q2-update.win32_1.4.0.202007081208/tools/bin/../lib/gcc/arm-none-eabi/7.3.1/../../../../arm-none-eabi/lib/thumb/v7-m\libc_nano.a(lib_a-memcmp.o)
 .ARM.attributes
                0x0000000000000548       0x2d c:/st/stm32cubeide_1.4.0/stm32cubeide/plugins/com.st.stm32cube.ide.mcu.externaltools.gnu-tools-for-stm32.7-2018-q2-update.win32_1.4.0.202007081208/tools/bin/../lib/gcc/arm-none-eabi/7.3.1/../../../../arm-none-eabi/lib/thumb/v7-m\libc_nano.a(lib_a-memcpy-stub.o)
 .ARM.attributes
                0x0000000000000575       0x2d c:/st/stm32cubeide_1.4.0/stm32cubeide/plugins/com.st.stm32cube.ide.mcu.externaltools.gnu-tools-for-stm32.7-2018-q2-update.win32_1.4.0.202007081208/tools/bin/../lib/gcc/arm-none-eabi/7.3.1/../../../../arm-none-eabi/lib/thumb/v7-m\libc_nano.a(lib_a-memset.o)
 .ARM.attributes
                0x00000000000005a2       0x1d c:/st/stm32cubeide_1.4.0/stm32cubeide/plugins/com.st.stm32cube.ide.mcu.externaltools.gnu-tools-for-stm32.7-2018-q2-update.win32_1.4.0.202007081208/tools/bin/../lib/gcc/arm-none-eabi/7.3.1/thumb/v7-m/crtn.o
OUTPUT(FreeRTOS_Template.elf elf32-littlearm)

.debug_info     0x0000000000000000    0x18347
 .debug_info    0x0000000000000000     0x1454 Core/Src/main.o
 .debug_info    0x0000000000001454      0x2d6 Core/Src/stm32f1xx_hal_msp.o
 .debug_info    0x000000000000172a      0x993 Core/Src/stm32f1xx_hal_timebase_tim.o
 .debug_info    0x00000000000020bd      0x710 Core/Src/stm32f1xx_it.o
 .debug_info    0x00000000000027cd      0x29a Core/Src/system_stm32f1xx.o
 .debug_info    0x0000000000002a67       0x22 Core/Startup/startup_stm32f103c8tx.o
 .debug_info    0x0000000000002a89      0x714 Drivers/STM32F1xx_HAL_Driver/Src/stm32f1xx_hal.o
 .debug_info    0x000000000000319d      0xb51 Drivers/STM32F1xx_HAL_Driver/Src/stm32f1xx_hal_cortex.o
 .debug_info    0x0000000000003cee      0x69b Drivers/STM32F1xx_HAL_Driver/Src/stm32f1xx_hal_gpio.o
 .debug_info    0x0000000000004389      0x80f Drivers/STM32F1xx_HAL_Driver/Src/stm32f1xx_hal_rcc.o
 .debug_info    0x0000000000004b98     0x27f1 Drivers/STM32F1xx_HAL_Driver/Src/stm32f1xx_hal_tim.o
 .debug_info    0x0000000000007389     0x13ab Drivers/STM32F1xx_HAL_Driver/Src/stm32f1xx_hal_tim_ex.o
 .debug_info    0x0000000000008734      0xae1 common/ThirdParty/FreeRTOS/list.o
 .debug_info    0x0000000000009215     0x200d common/ThirdParty/FreeRTOS/queue.o
 .debug_info    0x000000000000b222     0x2aac common/ThirdParty/FreeRTOS/tasks.o
 .debug_info    0x000000000000dcce     0x14df common/ThirdParty/FreeRTOS/timers.o
 .debug_info    0x000000000000f1ad      0x4e8 common/ThirdParty/FreeRTOS/portable/GCC/ARM_CM3/port.o
 .debug_info    0x000000000000f695      0xd01 common/ThirdParty/FreeRTOS/portable/MemMang/heap_4.o
 .debug_info    0x0000000000010396      0x125 common/ThirdParty/SEGGER/Config/SEGGER_SYSVIEW_Config_FreeRTOS.o
 .debug_info    0x00000000000104bb      0xb9e common/ThirdParty/SEGGER/OS/SEGGER_SYSVIEW_FreeRTOS.o
 .debug_info    0x0000000000011059     0x116f common/ThirdParty/SEGGER/Rec/segger_uart.o
 .debug_info    0x00000000000121c8     0x1c82 common/ThirdParty/SEGGER/SEGGER/SEGGER_RTT.o
 .debug_info    0x0000000000013e4a       0x26 common/ThirdParty/SEGGER/SEGGER/SEGGER_RTT_ASM_ARMv7M.o
 .debug_info    0x0000000000013e70     0x44d7 common/ThirdParty/SEGGER/SEGGER/SEGGER_SYSVIEW.o

.debug_abbrev   0x0000000000000000     0x2fa0
 .debug_abbrev  0x0000000000000000      0x27d Core/Src/main.o
 .debug_abbrev  0x000000000000027d      0x109 Core/Src/stm32f1xx_hal_msp.o
 .debug_abbrev  0x0000000000000386      0x19d Core/Src/stm32f1xx_hal_timebase_tim.o
 .debug_abbrev  0x0000000000000523      0x15a Core/Src/stm32f1xx_it.o
 .debug_abbrev  0x000000000000067d      0x134 Core/Src/system_stm32f1xx.o
 .debug_abbrev  0x00000000000007b1       0x12 Core/Startup/startup_stm32f103c8tx.o
 .debug_abbrev  0x00000000000007c3      0x1c7 Drivers/STM32F1xx_HAL_Driver/Src/stm32f1xx_hal.o
 .debug_abbrev  0x000000000000098a      0x2d5 Drivers/STM32F1xx_HAL_Driver/Src/stm32f1xx_hal_cortex.o
 .debug_abbrev  0x0000000000000c5f      0x1c0 Drivers/STM32F1xx_HAL_Driver/Src/stm32f1xx_hal_gpio.o
 .debug_abbrev  0x0000000000000e1f      0x243 Drivers/STM32F1xx_HAL_Driver/Src/stm32f1xx_hal_rcc.o
 .debug_abbrev  0x0000000000001062      0x230 Drivers/STM32F1xx_HAL_Driver/Src/stm32f1xx_hal_tim.o
 .debug_abbrev  0x0000000000001292      0x236 Drivers/STM32F1xx_HAL_Driver/Src/stm32f1xx_hal_tim_ex.o
 .debug_abbrev  0x00000000000014c8      0x1cf common/ThirdParty/FreeRTOS/list.o
 .debug_abbrev  0x0000000000001697      0x2f1 common/ThirdParty/FreeRTOS/queue.o
 .debug_abbrev  0x0000000000001988      0x35d common/ThirdParty/FreeRTOS/tasks.o
 .debug_abbrev  0x0000000000001ce5      0x2c8 common/ThirdParty/FreeRTOS/timers.o
 .debug_abbrev  0x0000000000001fad      0x205 common/ThirdParty/FreeRTOS/portable/GCC/ARM_CM3/port.o
 .debug_abbrev  0x00000000000021b2      0x29e common/ThirdParty/FreeRTOS/portable/MemMang/heap_4.o
 .debug_abbrev  0x0000000000002450       0xb5 common/ThirdParty/SEGGER/Config/SEGGER_SYSVIEW_Config_FreeRTOS.o
 .debug_abbrev  0x0000000000002505      0x1ed common/ThirdParty/SEGGER/OS/SEGGER_SYSVIEW_FreeRTOS.o
 .debug_abbrev  0x00000000000026f2      0x2da common/ThirdParty/SEGGER/Rec/segger_uart.o
 .debug_abbrev  0x00000000000029cc      0x2a0 common/ThirdParty/SEGGER/SEGGER/SEGGER_RTT.o
 .debug_abbrev  0x0000000000002c6c       0x14 common/ThirdParty/SEGGER/SEGGER/SEGGER_RTT_ASM_ARMv7M.o
 .debug_abbrev  0x0000000000002c80      0x320 common/ThirdParty/SEGGER/SEGGER/SEGGER_SYSVIEW.o

.debug_aranges  0x0000000000000000     0x1388
 .debug_aranges
                0x0000000000000000       0x50 Core/Src/main.o
 .debug_aranges
                0x0000000000000050       0x20 Core/Src/stm32f1xx_hal_msp.o
 .debug_aranges
                0x0000000000000070       0x30 Core/Src/stm32f1xx_hal_timebase_tim.o
 .debug_aranges
                0x00000000000000a0       0x50 Core/Src/stm32f1xx_it.o
 .debug_aranges
                0x00000000000000f0       0x28 Core/Src/system_stm32f1xx.o
 .debug_aranges
                0x0000000000000118       0x28 Core/Startup/startup_stm32f103c8tx.o
 .debug_aranges
                0x0000000000000140       0xe0 Drivers/STM32F1xx_HAL_Driver/Src/stm32f1xx_hal.o
 .debug_aranges
                0x0000000000000220      0x100 Drivers/STM32F1xx_HAL_Driver/Src/stm32f1xx_hal_cortex.o
 .debug_aranges
                0x0000000000000320       0x58 Drivers/STM32F1xx_HAL_Driver/Src/stm32f1xx_hal_gpio.o
 .debug_aranges
                0x0000000000000378       0x90 Drivers/STM32F1xx_HAL_Driver/Src/stm32f1xx_hal_rcc.o
 .debug_aranges
                0x0000000000000408      0x3d0 Drivers/STM32F1xx_HAL_Driver/Src/stm32f1xx_hal_tim.o
 .debug_aranges
                0x00000000000007d8      0x168 Drivers/STM32F1xx_HAL_Driver/Src/stm32f1xx_hal_tim_ex.o
 .debug_aranges
                0x0000000000000940       0x40 common/ThirdParty/FreeRTOS/list.o
 .debug_aranges
                0x0000000000000980      0x130 common/ThirdParty/FreeRTOS/queue.o
 .debug_aranges
                0x0000000000000ab0      0x218 common/ThirdParty/FreeRTOS/tasks.o
 .debug_aranges
                0x0000000000000cc8       0xd8 common/ThirdParty/FreeRTOS/timers.o
 .debug_aranges
                0x0000000000000da0       0x78 common/ThirdParty/FreeRTOS/portable/GCC/ARM_CM3/port.o
 .debug_aranges
                0x0000000000000e18       0x58 common/ThirdParty/FreeRTOS/portable/MemMang/heap_4.o
 .debug_aranges
                0x0000000000000e70       0x28 common/ThirdParty/SEGGER/Config/SEGGER_SYSVIEW_Config_FreeRTOS.o
 .debug_aranges
                0x0000000000000e98       0x48 common/ThirdParty/SEGGER/OS/SEGGER_SYSVIEW_FreeRTOS.o
 .debug_aranges
                0x0000000000000ee0       0x68 common/ThirdParty/SEGGER/Rec/segger_uart.o
 .debug_aranges
                0x0000000000000f48      0x138 common/ThirdParty/SEGGER/SEGGER/SEGGER_RTT.o
 .debug_aranges
                0x0000000000001080       0x20 common/ThirdParty/SEGGER/SEGGER/SEGGER_RTT_ASM_ARMv7M.o
 .debug_aranges
                0x00000000000010a0      0x2e8 common/ThirdParty/SEGGER/SEGGER/SEGGER_SYSVIEW.o

.debug_ranges   0x0000000000000000     0x1200
 .debug_ranges  0x0000000000000000       0x40 Core/Src/main.o
 .debug_ranges  0x0000000000000040       0x10 Core/Src/stm32f1xx_hal_msp.o
 .debug_ranges  0x0000000000000050       0x20 Core/Src/stm32f1xx_hal_timebase_tim.o
 .debug_ranges  0x0000000000000070       0x40 Core/Src/stm32f1xx_it.o
 .debug_ranges  0x00000000000000b0       0x18 Core/Src/system_stm32f1xx.o
 .debug_ranges  0x00000000000000c8       0x20 Core/Startup/startup_stm32f103c8tx.o
 .debug_ranges  0x00000000000000e8       0xd0 Drivers/STM32F1xx_HAL_Driver/Src/stm32f1xx_hal.o
 .debug_ranges  0x00000000000001b8       0xf0 Drivers/STM32F1xx_HAL_Driver/Src/stm32f1xx_hal_cortex.o
 .debug_ranges  0x00000000000002a8       0x48 Drivers/STM32F1xx_HAL_Driver/Src/stm32f1xx_hal_gpio.o
 .debug_ranges  0x00000000000002f0       0x80 Drivers/STM32F1xx_HAL_Driver/Src/stm32f1xx_hal_rcc.o
 .debug_ranges  0x0000000000000370      0x3c0 Drivers/STM32F1xx_HAL_Driver/Src/stm32f1xx_hal_tim.o
 .debug_ranges  0x0000000000000730      0x158 Drivers/STM32F1xx_HAL_Driver/Src/stm32f1xx_hal_tim_ex.o
 .debug_ranges  0x0000000000000888       0x30 common/ThirdParty/FreeRTOS/list.o
 .debug_ranges  0x00000000000008b8      0x120 common/ThirdParty/FreeRTOS/queue.o
 .debug_ranges  0x00000000000009d8      0x208 common/ThirdParty/FreeRTOS/tasks.o
 .debug_ranges  0x0000000000000be0       0xc8 common/ThirdParty/FreeRTOS/timers.o
 .debug_ranges  0x0000000000000ca8       0x68 common/ThirdParty/FreeRTOS/portable/GCC/ARM_CM3/port.o
 .debug_ranges  0x0000000000000d10       0x48 common/ThirdParty/FreeRTOS/portable/MemMang/heap_4.o
 .debug_ranges  0x0000000000000d58       0x18 common/ThirdParty/SEGGER/Config/SEGGER_SYSVIEW_Config_FreeRTOS.o
 .debug_ranges  0x0000000000000d70       0x38 common/ThirdParty/SEGGER/OS/SEGGER_SYSVIEW_FreeRTOS.o
 .debug_ranges  0x0000000000000da8       0x58 common/ThirdParty/SEGGER/Rec/segger_uart.o
 .debug_ranges  0x0000000000000e00      0x128 common/ThirdParty/SEGGER/SEGGER/SEGGER_RTT.o
 .debug_ranges  0x0000000000000f28      0x2d8 common/ThirdParty/SEGGER/SEGGER/SEGGER_SYSVIEW.o

.debug_macro    0x0000000000000000    0x1a3a1
 .debug_macro   0x0000000000000000      0x3b8 Core/Src/main.o
 .debug_macro   0x00000000000003b8      0xa60 Core/Src/main.o
 .debug_macro   0x0000000000000e18      0x215 Core/Src/main.o
 .debug_macro   0x000000000000102d       0x2e Core/Src/main.o
 .debug_macro   0x000000000000105b       0x22 Core/Src/main.o
 .debug_macro   0x000000000000107d       0x22 Core/Src/main.o
 .debug_macro   0x000000000000109f       0x8e Core/Src/main.o
 .debug_macro   0x000000000000112d       0x51 Core/Src/main.o
 .debug_macro   0x000000000000117e       0xef Core/Src/main.o
 .debug_macro   0x000000000000126d       0x6a Core/Src/main.o
 .debug_macro   0x00000000000012d7      0x1df Core/Src/main.o
 .debug_macro   0x00000000000014b6       0x1c Core/Src/main.o
 .debug_macro   0x00000000000014d2       0x22 Core/Src/main.o
 .debug_macro   0x00000000000014f4       0xc3 Core/Src/main.o
 .debug_macro   0x00000000000015b7      0xd23 Core/Src/main.o
 .debug_macro   0x00000000000022da     0xe09e Core/Src/main.o
 .debug_macro   0x0000000000010378       0x6d Core/Src/main.o
 .debug_macro   0x00000000000103e5     0x3468 Core/Src/main.o
 .debug_macro   0x000000000001384d      0x174 Core/Src/main.o
 .debug_macro   0x00000000000139c1       0x5c Core/Src/main.o
 .debug_macro   0x0000000000013a1d      0x5be Core/Src/main.o
 .debug_macro   0x0000000000013fdb      0x289 Core/Src/main.o
 .debug_macro   0x0000000000014264      0x1cb Core/Src/main.o
 .debug_macro   0x000000000001442f      0x114 Core/Src/main.o
 .debug_macro   0x0000000000014543      0x1b2 Core/Src/main.o
 .debug_macro   0x00000000000146f5       0x27 Core/Src/main.o
 .debug_macro   0x000000000001471c      0x136 Core/Src/main.o
 .debug_macro   0x0000000000014852      0x1bc Core/Src/main.o
 .debug_macro   0x0000000000014a0e       0x34 Core/Src/main.o
 .debug_macro   0x0000000000014a42       0x3c Core/Src/main.o
 .debug_macro   0x0000000000014a7e       0x57 Core/Src/main.o
 .debug_macro   0x0000000000014ad5       0x88 Core/Src/main.o
 .debug_macro   0x0000000000014b5d      0x241 Core/Src/main.o
 .debug_macro   0x0000000000014d9e      0x141 Core/Src/main.o
 .debug_macro   0x0000000000014edf      0x8d1 Core/Src/main.o
 .debug_macro   0x00000000000157b0       0x83 Core/Src/main.o
 .debug_macro   0x0000000000015833      0x10c Core/Src/main.o
 .debug_macro   0x000000000001593f       0x58 Core/Src/main.o
 .debug_macro   0x0000000000015997       0x46 Core/Src/main.o
 .debug_macro   0x00000000000159dd       0x64 Core/Src/main.o
 .debug_macro   0x0000000000015a41       0x16 Core/Src/main.o
 .debug_macro   0x0000000000015a57       0x49 Core/Src/main.o
 .debug_macro   0x0000000000015aa0       0xca Core/Src/main.o
 .debug_macro   0x0000000000015b6a      0x220 Core/Src/main.o
 .debug_macro   0x0000000000015d8a      0x458 Core/Src/main.o
 .debug_macro   0x00000000000161e2      0x15a Core/Src/main.o
 .debug_macro   0x000000000001633c       0xea Core/Src/main.o
 .debug_macro   0x0000000000016426       0x1c Core/Src/main.o
 .debug_macro   0x0000000000016442       0x26 Core/Src/main.o
 .debug_macro   0x0000000000016468      0x3c8 Core/Src/main.o
 .debug_macro   0x0000000000016830       0x46 Core/Src/main.o
 .debug_macro   0x0000000000016876       0x18 Core/Src/main.o
 .debug_macro   0x000000000001688e       0x3c Core/Src/main.o
 .debug_macro   0x00000000000168ca       0x34 Core/Src/main.o
 .debug_macro   0x00000000000168fe       0x16 Core/Src/main.o
 .debug_macro   0x0000000000016914       0x35 Core/Src/main.o
 .debug_macro   0x0000000000016949      0x32a Core/Src/main.o
 .debug_macro   0x0000000000016c73       0x52 Core/Src/main.o
 .debug_macro   0x0000000000016cc5       0x1f Core/Src/main.o
 .debug_macro   0x0000000000016ce4       0x43 Core/Src/main.o
 .debug_macro   0x0000000000016d27       0x20 Core/Src/main.o
 .debug_macro   0x0000000000016d47      0x1a3 Core/Src/main.o
 .debug_macro   0x0000000000016eea       0x10 Core/Src/main.o
 .debug_macro   0x0000000000016efa       0x1c Core/Src/main.o
 .debug_macro   0x0000000000016f16       0x52 Core/Src/main.o
 .debug_macro   0x0000000000016f68       0x40 Core/Src/main.o
 .debug_macro   0x0000000000016fa8       0x10 Core/Src/main.o
 .debug_macro   0x0000000000016fb8       0x40 Core/Src/main.o
 .debug_macro   0x0000000000016ff8       0xd7 Core/Src/main.o
 .debug_macro   0x00000000000170cf       0x1c Core/Src/main.o
 .debug_macro   0x00000000000170eb       0x3d Core/Src/main.o
 .debug_macro   0x0000000000017128       0x16 Core/Src/main.o
 .debug_macro   0x000000000001713e      0x145 Core/Src/main.o
 .debug_macro   0x0000000000017283       0xb5 Core/Src/main.o
 .debug_macro   0x0000000000017338      0x120 Core/Src/main.o
 .debug_macro   0x0000000000017458      0x1a3 Core/Src/stm32f1xx_hal_msp.o
 .debug_macro   0x00000000000175fb      0x199 Core/Src/stm32f1xx_hal_timebase_tim.o
 .debug_macro   0x0000000000017794      0x1ad Core/Src/stm32f1xx_it.o
 .debug_macro   0x0000000000017941      0x199 Core/Src/system_stm32f1xx.o
 .debug_macro   0x0000000000017ada      0x1bd Drivers/STM32F1xx_HAL_Driver/Src/stm32f1xx_hal.o
 .debug_macro   0x0000000000017c97      0x199 Drivers/STM32F1xx_HAL_Driver/Src/stm32f1xx_hal_cortex.o
 .debug_macro   0x0000000000017e30      0x204 Drivers/STM32F1xx_HAL_Driver/Src/stm32f1xx_hal_gpio.o
 .debug_macro   0x0000000000018034      0x1ab Drivers/STM32F1xx_HAL_Driver/Src/stm32f1xx_hal_rcc.o
 .debug_macro   0x00000000000181df      0x19a Drivers/STM32F1xx_HAL_Driver/Src/stm32f1xx_hal_tim.o
 .debug_macro   0x0000000000018379      0x199 Drivers/STM32F1xx_HAL_Driver/Src/stm32f1xx_hal_tim_ex.o
 .debug_macro   0x0000000000018512      0x1e6 common/ThirdParty/FreeRTOS/list.o
 .debug_macro   0x00000000000186f8      0x26f common/ThirdParty/FreeRTOS/queue.o
 .debug_macro   0x0000000000018967       0x16 common/ThirdParty/FreeRTOS/queue.o
 .debug_macro   0x000000000001897d       0x20 common/ThirdParty/FreeRTOS/queue.o
 .debug_macro   0x000000000001899d       0x80 common/ThirdParty/FreeRTOS/queue.o
 .debug_macro   0x0000000000018a1d      0x389 common/ThirdParty/FreeRTOS/tasks.o
 .debug_macro   0x0000000000018da6       0x10 common/ThirdParty/FreeRTOS/tasks.o
 .debug_macro   0x0000000000018db6      0x22f common/ThirdParty/FreeRTOS/timers.o
 .debug_macro   0x0000000000018fe5       0x97 common/ThirdParty/FreeRTOS/timers.o
 .debug_macro   0x000000000001907c      0x1d2 common/ThirdParty/FreeRTOS/portable/GCC/ARM_CM3/port.o
 .debug_macro   0x000000000001924e      0x201 common/ThirdParty/FreeRTOS/portable/MemMang/heap_4.o
 .debug_macro   0x000000000001944f      0x136 common/ThirdParty/SEGGER/Config/SEGGER_SYSVIEW_Config_FreeRTOS.o
 .debug_macro   0x0000000000019585      0x1f5 common/ThirdParty/SEGGER/OS/SEGGER_SYSVIEW_FreeRTOS.o
 .debug_macro   0x000000000001977a      0x2b8 common/ThirdParty/SEGGER/Rec/segger_uart.o
 .debug_macro   0x0000000000019a32       0x3b common/ThirdParty/SEGGER/Rec/segger_uart.o
 .debug_macro   0x0000000000019a6d      0x138 common/ThirdParty/SEGGER/Rec/segger_uart.o
 .debug_macro   0x0000000000019ba5       0xbd common/ThirdParty/SEGGER/Rec/segger_uart.o
 .debug_macro   0x0000000000019c62      0x1dc common/ThirdParty/SEGGER/SEGGER/SEGGER_RTT.o
 .debug_macro   0x0000000000019e3e       0x35 common/ThirdParty/SEGGER/SEGGER/SEGGER_RTT.o
 .debug_macro   0x0000000000019e73      0x244 common/ThirdParty/SEGGER/SEGGER/SEGGER_SYSVIEW.o
 .debug_macro   0x000000000001a0b7       0xca common/ThirdParty/SEGGER/SEGGER/SEGGER_SYSVIEW.o
 .debug_macro   0x000000000001a181      0x220 common/ThirdParty/SEGGER/SEGGER/SEGGER_SYSVIEW.o

.debug_line     0x0000000000000000    0x10970
 .debug_line    0x0000000000000000      0xbba Core/Src/main.o
 .debug_line    0x0000000000000bba      0x660 Core/Src/stm32f1xx_hal_msp.o
 .debug_line    0x000000000000121a      0x693 Core/Src/stm32f1xx_hal_timebase_tim.o
 .debug_line    0x00000000000018ad      0x6e1 Core/Src/stm32f1xx_it.o
 .debug_line    0x0000000000001f8e      0x687 Core/Src/system_stm32f1xx.o
 .debug_line    0x0000000000002615       0x87 Core/Startup/startup_stm32f103c8tx.o
 .debug_line    0x000000000000269c      0x83a Drivers/STM32F1xx_HAL_Driver/Src/stm32f1xx_hal.o
 .debug_line    0x0000000000002ed6      0x911 Drivers/STM32F1xx_HAL_Driver/Src/stm32f1xx_hal_cortex.o
 .debug_line    0x00000000000037e7      0x836 Drivers/STM32F1xx_HAL_Driver/Src/stm32f1xx_hal_gpio.o
 .debug_line    0x000000000000401d      0x8fa Drivers/STM32F1xx_HAL_Driver/Src/stm32f1xx_hal_rcc.o
 .debug_line    0x0000000000004917     0x1f93 Drivers/STM32F1xx_HAL_Driver/Src/stm32f1xx_hal_tim.o
 .debug_line    0x00000000000068aa     0x112f Drivers/STM32F1xx_HAL_Driver/Src/stm32f1xx_hal_tim_ex.o
 .debug_line    0x00000000000079d9      0x867 common/ThirdParty/FreeRTOS/list.o
 .debug_line    0x0000000000008240     0x124d common/ThirdParty/FreeRTOS/queue.o
 .debug_line    0x000000000000948d     0x1757 common/ThirdParty/FreeRTOS/tasks.o
 .debug_line    0x000000000000abe4      0xc04 common/ThirdParty/FreeRTOS/timers.o
 .debug_line    0x000000000000b7e8      0x898 common/ThirdParty/FreeRTOS/portable/GCC/ARM_CM3/port.o
 .debug_line    0x000000000000c080      0x98c common/ThirdParty/FreeRTOS/portable/MemMang/heap_4.o
 .debug_line    0x000000000000ca0c      0x6d7 common/ThirdParty/SEGGER/Config/SEGGER_SYSVIEW_Config_FreeRTOS.o
 .debug_line    0x000000000000d0e3      0x902 common/ThirdParty/SEGGER/OS/SEGGER_SYSVIEW_FreeRTOS.o
 .debug_line    0x000000000000d9e5      0x803 common/ThirdParty/SEGGER/Rec/segger_uart.o
 .debug_line    0x000000000000e1e8      0xa7c common/ThirdParty/SEGGER/SEGGER/SEGGER_RTT.o
 .debug_line    0x000000000000ec64       0xc3 common/ThirdParty/SEGGER/SEGGER/SEGGER_RTT_ASM_ARMv7M.o
 .debug_line    0x000000000000ed27     0x1c49 common/ThirdParty/SEGGER/SEGGER/SEGGER_SYSVIEW.o

.debug_str      0x0000000000000000    0x974d5
 .debug_str     0x0000000000000000    0x8e749 Core/Src/main.o
                                      0x8ec02 (size before relaxing)
 .debug_str     0x000000000008e749       0x50 Core/Src/stm32f1xx_hal_msp.o
                                      0x817f3 (size before relaxing)
 .debug_str     0x000000000008e799      0x302 Core/Src/stm32f1xx_hal_timebase_tim.o
                                      0x8203e (size before relaxing)
 .debug_str     0x000000000008ea9b       0x92 Core/Src/stm32f1xx_it.o
                                      0x81cb2 (size before relaxing)
 .debug_str     0x000000000008eb2d       0x52 Core/Src/system_stm32f1xx.o
                                      0x817e0 (size before relaxing)
 .debug_str     0x000000000008eb7f       0x36 Core/Startup/startup_stm32f103c8tx.o
                                         0x6f (size before relaxing)
 .debug_str     0x000000000008ebb5      0x2b9 Drivers/STM32F1xx_HAL_Driver/Src/stm32f1xx_hal.o
                                      0x81e71 (size before relaxing)
 .debug_str     0x000000000008ee6e      0x283 Drivers/STM32F1xx_HAL_Driver/Src/stm32f1xx_hal_cortex.o
                                      0x81e79 (size before relaxing)
 .debug_str     0x000000000008f0f1      0x324 Drivers/STM32F1xx_HAL_Driver/Src/stm32f1xx_hal_gpio.o
                                      0x81ba4 (size before relaxing)
 .debug_str     0x000000000008f415      0x245 Drivers/STM32F1xx_HAL_Driver/Src/stm32f1xx_hal_rcc.o
                                      0x81bdd (size before relaxing)
 .debug_str     0x000000000008f65a      0xe4d Drivers/STM32F1xx_HAL_Driver/Src/stm32f1xx_hal_tim.o
                                      0x82baf (size before relaxing)
 .debug_str     0x00000000000904a7      0x538 Drivers/STM32F1xx_HAL_Driver/Src/stm32f1xx_hal_tim_ex.o
                                      0x82360 (size before relaxing)
 .debug_str     0x00000000000909df      0x2b3 common/ThirdParty/FreeRTOS/list.o
                                       0xeaa9 (size before relaxing)
 .debug_str     0x0000000000090c92     0x109c common/ThirdParty/FreeRTOS/queue.o
                                      0x10d6d (size before relaxing)
 .debug_str     0x0000000000091d2e     0x1d56 common/ThirdParty/FreeRTOS/tasks.o
                                      0x12d8c (size before relaxing)
 .debug_str     0x0000000000093a84      0x542 common/ThirdParty/FreeRTOS/timers.o
                                      0x11151 (size before relaxing)
 .debug_str     0x0000000000093fc6      0x6f8 common/ThirdParty/FreeRTOS/portable/GCC/ARM_CM3/port.o
                                       0xd2dd (size before relaxing)
 .debug_str     0x00000000000946be      0x34c common/ThirdParty/FreeRTOS/portable/MemMang/heap_4.o
                                       0xff23 (size before relaxing)
 .debug_str     0x0000000000094a0a      0x18b common/ThirdParty/SEGGER/Config/SEGGER_SYSVIEW_Config_FreeRTOS.o
                                       0xb2a8 (size before relaxing)
 .debug_str     0x0000000000094b95      0x125 common/ThirdParty/SEGGER/OS/SEGGER_SYSVIEW_FreeRTOS.o
                                       0xfc89 (size before relaxing)
 .debug_str     0x0000000000094cba      0xf2f common/ThirdParty/SEGGER/Rec/segger_uart.o
                                      0x59fb5 (size before relaxing)
 .debug_str     0x0000000000095be9      0x713 common/ThirdParty/SEGGER/SEGGER/SEGGER_RTT.o
                                       0x8432 (size before relaxing)
 .debug_str     0x00000000000962fc       0x59 common/ThirdParty/SEGGER/SEGGER/SEGGER_RTT_ASM_ARMv7M.o
                                         0xa0 (size before relaxing)
 .debug_str     0x0000000000096355     0x1180 common/ThirdParty/SEGGER/SEGGER/SEGGER_SYSVIEW.o
                                       0xa6b7 (size before relaxing)

.comment        0x0000000000000000       0x7b
 .comment       0x0000000000000000       0x7b Core/Src/main.o
                                         0x7c (size before relaxing)
 .comment       0x000000000000007b       0x7c Core/Src/stm32f1xx_hal_msp.o
 .comment       0x000000000000007b       0x7c Core/Src/stm32f1xx_hal_timebase_tim.o
 .comment       0x000000000000007b       0x7c Core/Src/stm32f1xx_it.o
 .comment       0x000000000000007b       0x7c Core/Src/system_stm32f1xx.o
 .comment       0x000000000000007b       0x7c Drivers/STM32F1xx_HAL_Driver/Src/stm32f1xx_hal.o
 .comment       0x000000000000007b       0x7c Drivers/STM32F1xx_HAL_Driver/Src/stm32f1xx_hal_cortex.o
 .comment       0x000000000000007b       0x7c Drivers/STM32F1xx_HAL_Driver/Src/stm32f1xx_hal_gpio.o
 .comment       0x000000000000007b       0x7c Drivers/STM32F1xx_HAL_Driver/Src/stm32f1xx_hal_rcc.o
 .comment       0x000000000000007b       0x7c Drivers/STM32F1xx_HAL_Driver/Src/stm32f1xx_hal_tim.o
 .comment       0x000000000000007b       0x7c Drivers/STM32F1xx_HAL_Driver/Src/stm32f1xx_hal_tim_ex.o
 .comment       0x000000000000007b       0x7c common/ThirdParty/FreeRTOS/list.o
 .comment       0x000000000000007b       0x7c common/ThirdParty/FreeRTOS/queue.o
 .comment       0x000000000000007b       0x7c common/ThirdParty/FreeRTOS/tasks.o
 .comment       0x000000000000007b       0x7c common/ThirdParty/FreeRTOS/timers.o
 .comment       0x000000000000007b       0x7c common/ThirdParty/FreeRTOS/portable/GCC/ARM_CM3/port.o
 .comment       0x000000000000007b       0x7c common/ThirdParty/FreeRTOS/portable/MemMang/heap_4.o
 .comment       0x000000000000007b       0x7c common/ThirdParty/SEGGER/Config/SEGGER_SYSVIEW_Config_FreeRTOS.o
 .comment       0x000000000000007b       0x7c common/ThirdParty/SEGGER/OS/SEGGER_SYSVIEW_FreeRTOS.o
 .comment       0x000000000000007b       0x7c common/ThirdParty/SEGGER/Rec/segger_uart.o
 .comment       0x000000000000007b       0x7c common/ThirdParty/SEGGER/SEGGER/SEGGER_RTT.o
 .comment       0x000000000000007b       0x7c common/ThirdParty/SEGGER/SEGGER/SEGGER_SYSVIEW.o

.debug_frame    0x0000000000000000     0x5164
 .debug_frame   0x0000000000000000      0x104 Core/Src/main.o
 .debug_frame   0x0000000000000104       0x38 Core/Src/stm32f1xx_hal_msp.o
 .debug_frame   0x000000000000013c       0x74 Core/Src/stm32f1xx_hal_timebase_tim.o
 .debug_frame   0x00000000000001b0       0xcc Core/Src/stm32f1xx_it.o
 .debug_frame   0x000000000000027c       0x58 Core/Src/system_stm32f1xx.o
 .debug_frame   0x00000000000002d4      0x334 Drivers/STM32F1xx_HAL_Driver/Src/stm32f1xx_hal.o
 .debug_frame   0x0000000000000608      0x428 Drivers/STM32F1xx_HAL_Driver/Src/stm32f1xx_hal_cortex.o
 .debug_frame   0x0000000000000a30      0x14c Drivers/STM32F1xx_HAL_Driver/Src/stm32f1xx_hal_gpio.o
 .debug_frame   0x0000000000000b7c      0x21c Drivers/STM32F1xx_HAL_Driver/Src/stm32f1xx_hal_rcc.o
 .debug_frame   0x0000000000000d98     0x11b8 Drivers/STM32F1xx_HAL_Driver/Src/stm32f1xx_hal_tim.o
 .debug_frame   0x0000000000001f50      0x638 Drivers/STM32F1xx_HAL_Driver/Src/stm32f1xx_hal_tim_ex.o
 .debug_frame   0x0000000000002588       0xd8 common/ThirdParty/FreeRTOS/list.o
 .debug_frame   0x0000000000002660      0x544 common/ThirdParty/FreeRTOS/queue.o
 .debug_frame   0x0000000000002ba4      0x948 common/ThirdParty/FreeRTOS/tasks.o
 .debug_frame   0x00000000000034ec      0x38c common/ThirdParty/FreeRTOS/timers.o
 .debug_frame   0x0000000000003878      0x198 common/ThirdParty/FreeRTOS/portable/GCC/ARM_CM3/port.o
 .debug_frame   0x0000000000003a10      0x12c common/ThirdParty/FreeRTOS/portable/MemMang/heap_4.o
 .debug_frame   0x0000000000003b3c       0x48 common/ThirdParty/SEGGER/Config/SEGGER_SYSVIEW_Config_FreeRTOS.o
 .debug_frame   0x0000000000003b84      0x100 common/ThirdParty/SEGGER/OS/SEGGER_SYSVIEW_FreeRTOS.o
 .debug_frame   0x0000000000003c84      0x178 common/ThirdParty/SEGGER/Rec/segger_uart.o
 .debug_frame   0x0000000000003dfc      0x52c common/ThirdParty/SEGGER/SEGGER/SEGGER_RTT.o
 .debug_frame   0x0000000000004328      0xd9c common/ThirdParty/SEGGER/SEGGER/SEGGER_SYSVIEW.o
 .debug_frame   0x00000000000050c4       0x2c c:/st/stm32cubeide_1.4.0/stm32cubeide/plugins/com.st.stm32cube.ide.mcu.externaltools.gnu-tools-for-stm32.7-2018-q2-update.win32_1.4.0.202007081208/tools/bin/../lib/gcc/arm-none-eabi/7.3.1/../../../../arm-none-eabi/lib/thumb/v7-m\libc_nano.a(lib_a-init.o)
 .debug_frame   0x00000000000050f0       0x2c c:/st/stm32cubeide_1.4.0/stm32cubeide/plugins/com.st.stm32cube.ide.mcu.externaltools.gnu-tools-for-stm32.7-2018-q2-update.win32_1.4.0.202007081208/tools/bin/../lib/gcc/arm-none-eabi/7.3.1/../../../../arm-none-eabi/lib/thumb/v7-m\libc_nano.a(lib_a-memcmp.o)
 .debug_frame   0x000000000000511c       0x28 c:/st/stm32cubeide_1.4.0/stm32cubeide/plugins/com.st.stm32cube.ide.mcu.externaltools.gnu-tools-for-stm32.7-2018-q2-update.win32_1.4.0.202007081208/tools/bin/../lib/gcc/arm-none-eabi/7.3.1/../../../../arm-none-eabi/lib/thumb/v7-m\libc_nano.a(lib_a-memcpy-stub.o)
 .debug_frame   0x0000000000005144       0x20 c:/st/stm32cubeide_1.4.0/stm32cubeide/plugins/com.st.stm32cube.ide.mcu.externaltools.gnu-tools-for-stm32.7-2018-q2-update.win32_1.4.0.202007081208/tools/bin/../lib/gcc/arm-none-eabi/7.3.1/../../../../arm-none-eabi/lib/thumb/v7-m\libc_nano.a(lib_a-memset.o)
